Component: ARM Compiler 5.06 update 4 (build 422) Tool: armlink [4d35d2]

==============================================================================

Section Cross References

    startup_stm32f746xx.o(RESET) refers to startup_stm32f746xx.o(STACK) for __initial_sp
    startup_stm32f746xx.o(RESET) refers to startup_stm32f746xx.o(.text) for Reset_Handler
    startup_stm32f746xx.o(RESET) refers to stm32f7xx_it.o(i.NMI_Handler) for NMI_Handler
    startup_stm32f746xx.o(RESET) refers to stm32f7xx_it.o(i.HardFault_Handler) for HardFault_Handler
    startup_stm32f746xx.o(RESET) refers to stm32f7xx_it.o(i.MemManage_Handler) for MemManage_Handler
    startup_stm32f746xx.o(RESET) refers to stm32f7xx_it.o(i.BusFault_Handler) for BusFault_Handler
    startup_stm32f746xx.o(RESET) refers to stm32f7xx_it.o(i.UsageFault_Handler) for UsageFault_Handler
    startup_stm32f746xx.o(RESET) refers to stm32f7xx_it.o(i.SVC_Handler) for SVC_Handler
    startup_stm32f746xx.o(RESET) refers to stm32f7xx_it.o(i.DebugMon_Handler) for DebugMon_Handler
    startup_stm32f746xx.o(RESET) refers to stm32f7xx_it.o(i.PendSV_Handler) for PendSV_Handler
    startup_stm32f746xx.o(RESET) refers to stm32f7xx_it.o(i.SysTick_Handler) for SysTick_Handler
    startup_stm32f746xx.o(RESET) refers to stm32f7xx_it.o(i.EXTI4_IRQHandler) for EXTI4_IRQHandler
    startup_stm32f746xx.o(RESET) refers to stm32f7xx_it.o(i.DMA2_Stream0_IRQHandler) for DMA2_Stream0_IRQHandler
    startup_stm32f746xx.o(RESET) refers to stm32f7xx_it.o(i.DMA2_Stream3_IRQHandler) for DMA2_Stream3_IRQHandler
    startup_stm32f746xx.o(.text) refers to system_stm32f7xx.o(i.SystemInit) for SystemInit
    startup_stm32f746xx.o(.text) refers to entry.o(.ARM.Collect$$$$00000000) for __main
    spi_stack.o(i.IMP_Write) refers to spi_stack.o(i.regWrite) for regWrite
    spi_stack.o(i.IMP_Write) refers to spi_stack.o(.bss) for .bss
    spi_stack.o(i.IMU_Write) refers to spi_stack.o(i.regWrite) for regWrite
    spi_stack.o(i.IMU_Write) refers to spi_stack.o(.bss) for .bss
    spi_stack.o(i.RPUs_Write) refers to spi_stack.o(i.regWrite) for regWrite
    spi_stack.o(i.RPUs_Write) refers to spi_stack.o(.bss) for .bss
    spi_stack.o(i.SlidersRead) refers to spi_stack.o(i.regRead) for regRead
    spi_stack.o(i.SlidersRead) refers to spi_stack.o(.data) for .data
    spi_stack.o(i.readKeys) refers to spi_stack.o(i.regRead) for regRead
    spi_stack.o(i.readKeys) refers to spi_stack.o(.data) for .data
    spi_stack.o(i.regRead) refers to memcpya.o(.text) for __aeabi_memcpy
    spi_stack.o(i.regRead) refers to spi_stack.o(.bss) for .bss
    spi_stack.o(i.regWrite) refers to memcpya.o(.text) for __aeabi_memcpy
    spi_stack.o(i.regWrite) refers to spi_stack.o(.bss) for .bss
    spi_stack.o(i.spi_dma_rx_complete_rutine) refers to memcpya.o(.text) for __aeabi_memcpy4
    spi_stack.o(i.spi_dma_rx_complete_rutine) refers to spi_stack.o(.bss) for .bss
    spi_stack.o(i.spi_stack_CS_Mng) refers to stm32f7xx_hal_gpio.o(i.HAL_GPIO_ReadPin) for HAL_GPIO_ReadPin
    spi_stack.o(i.spi_stack_CS_Mng) refers to memcpya.o(.text) for __aeabi_memcpy4
    spi_stack.o(i.spi_stack_CS_Mng) refers to spi_stack.o(.bss) for .bss
    spi_stack.o(i.spi_stack_init) refers to memseta.o(.text) for __aeabi_memclr4
    spi_stack.o(i.spi_stack_init) refers to spi_stack.o(.bss) for .bss
    main.o(i.MX_GPIO_Init) refers to memseta.o(.text) for __aeabi_memclr4
    main.o(i.MX_GPIO_Init) refers to stm32f7xx_hal_gpio.o(i.HAL_GPIO_WritePin) for HAL_GPIO_WritePin
    main.o(i.MX_GPIO_Init) refers to stm32f7xx_hal_gpio.o(i.HAL_GPIO_Init) for HAL_GPIO_Init
    main.o(i.MX_GPIO_Init) refers to stm32f7xx_hal_cortex.o(i.HAL_NVIC_SetPriority) for HAL_NVIC_SetPriority
    main.o(i.MX_GPIO_Init) refers to stm32f7xx_hal_cortex.o(i.HAL_NVIC_EnableIRQ) for HAL_NVIC_EnableIRQ
    main.o(i.MX_SPI1_Init) refers to stm32f7xx_hal_spi.o(i.HAL_SPI_Init) for HAL_SPI_Init
    main.o(i.MX_SPI1_Init) refers to main.o(.bss) for .bss
    main.o(i.MX_USART3_UART_Init) refers to stm32f7xx_hal_uart.o(i.HAL_UART_Init) for HAL_UART_Init
    main.o(i.MX_USART3_UART_Init) refers to main.o(.bss) for .bss
    main.o(i.SystemClock_Config) refers to memseta.o(.text) for __aeabi_memclr4
    main.o(i.SystemClock_Config) refers to stm32f7xx_hal_pwr.o(i.HAL_PWR_EnableBkUpAccess) for HAL_PWR_EnableBkUpAccess
    main.o(i.SystemClock_Config) refers to stm32f7xx_hal_rcc.o(i.HAL_RCC_OscConfig) for HAL_RCC_OscConfig
    main.o(i.SystemClock_Config) refers to stm32f7xx_hal_pwr_ex.o(i.HAL_PWREx_EnableOverDrive) for HAL_PWREx_EnableOverDrive
    main.o(i.SystemClock_Config) refers to stm32f7xx_hal_rcc.o(i.HAL_RCC_ClockConfig) for HAL_RCC_ClockConfig
    main.o(i.SystemClock_Config) refers to stm32f7xx_hal_rcc_ex.o(i.HAL_RCCEx_PeriphCLKConfig) for HAL_RCCEx_PeriphCLKConfig
    main.o(i.main) refers to stm32f7xx_hal.o(i.HAL_Init) for HAL_Init
    main.o(i.main) refers to main.o(i.SystemClock_Config) for SystemClock_Config
[...]
    stm32f7xx_hal_i2c.o(i.I2C_ITListenCplt) refers to stm32f7xx_hal_i2c.o(i.I2C_Disable_IRQ) for I2C_Disable_IRQ
    stm32f7xx_hal_i2c.o(i.I2C_ITListenCplt) refers to stm32f7xx_hal_i2c.o(i.HAL_I2C_ListenCpltCallback) for HAL_I2C_ListenCpltCallback
    stm32f7xx_hal_i2c.o(i.I2C_ITMasterCplt) refers to stm32f7xx_hal_i2c.o(i.I2C_Flush_TXDR) for I2C_Flush_TXDR
    stm32f7xx_hal_i2c.o(i.I2C_ITMasterCplt) refers to stm32f7xx_hal_i2c.o(i.I2C_Disable_IRQ) for I2C_Disable_IRQ
    stm32f7xx_hal_i2c.o(i.I2C_ITMasterCplt) refers to stm32f7xx_hal_i2c.o(i.I2C_ITError) for I2C_ITError
    stm32f7xx_hal_i2c.o(i.I2C_ITMasterCplt) refers to stm32f7xx_hal_i2c.o(i.HAL_I2C_MasterRxCpltCallback) for HAL_I2C_MasterRxCpltCallback
    stm32f7xx_hal_i2c.o(i.I2C_ITMasterCplt) refers to stm32f7xx_hal_i2c.o(i.HAL_I2C_MasterTxCpltCallback) for HAL_I2C_MasterTxCpltCallback
    stm32f7xx_hal_i2c.o(i.I2C_ITMasterCplt) refers to stm32f7xx_hal_i2c.o(i.HAL_I2C_MemTxCpltCallback) for HAL_I2C_MemTxCpltCallback
    stm32f7xx_hal_i2c.o(i.I2C_ITMasterCplt) refers to stm32f7xx_hal_i2c.o(i.HAL_I2C_MemRxCpltCallback) for HAL_I2C_MemRxCpltCallback
    stm32f7xx_hal_i2c.o(i.I2C_ITMasterSeqCplt) refers to stm32f7xx_hal_i2c.o(i.I2C_Disable_IRQ) for I2C_Disable_IRQ
    stm32f7xx_hal_i2c.o(i.I2C_ITMasterSeqCplt) refers to stm32f7xx_hal_i2c.o(i.HAL_I2C_MasterRxCpltCallback) for HAL_I2C_MasterRxCpltCallback
    stm32f7xx_hal_i2c.o(i.I2C_ITMasterSeqCplt) refers to stm32f7xx_hal_i2c.o(i.HAL_I2C_MasterTxCpltCallback) for HAL_I2C_MasterTxCpltCallback
    stm32f7xx_hal_i2c.o(i.I2C_ITSlaveCplt) refers to stm32f7xx_hal_i2c.o(i.I2C_Disable_IRQ) for I2C_Disable_IRQ
    stm32f7xx_hal_i2c.o(i.I2C_ITSlaveCplt) refers to stm32f7xx_hal_i2c.o(i.I2C_Flush_TXDR) for I2C_Flush_TXDR
    stm32f7xx_hal_i2c.o(i.I2C_ITSlaveCplt) refers to stm32f7xx_hal_i2c.o(i.I2C_ITError) for I2C_ITError
    stm32f7xx_hal_i2c.o(i.I2C_ITSlaveCplt) refers to stm32f7xx_hal_i2c.o(i.I2C_ITListenCplt) for I2C_ITListenCplt
    stm32f7xx_hal_i2c.o(i.I2C_ITSlaveCplt) refers to stm32f7xx_hal_i2c.o(i.I2C_ITSlaveSeqCplt) for I2C_ITSlaveSeqCplt
    stm32f7xx_hal_i2c.o(i.I2C_ITSlaveCplt) refers to stm32f7xx_hal_i2c.o(i.HAL_I2C_ListenCpltCallback) for HAL_I2C_ListenCpltCallback
    stm32f7xx_hal_i2c.o(i.I2C_ITSlaveCplt) refers to stm32f7xx_hal_i2c.o(i.HAL_I2C_SlaveTxCpltCallback) for HAL_I2C_SlaveTxCpltCallback
    stm32f7xx_hal_i2c.o(i.I2C_ITSlaveCplt) refers to stm32f7xx_hal_i2c.o(i.HAL_I2C_SlaveRxCpltCallback) for HAL_I2C_SlaveRxCpltCallback
    stm32f7xx_hal_i2c.o(i.I2C_ITSlaveSeqCplt) refers to stm32f7xx_hal_i2c.o(i.I2C_Disable_IRQ) for I2C_Disable_IRQ
    stm32f7xx_hal_i2c.o(i.I2C_ITSlaveSeqCplt) refers to stm32f7xx_hal_i2c.o(i.HAL_I2C_SlaveRxCpltCallback) for HAL_I2C_SlaveRxCpltCallback
    stm32f7xx_hal_i2c.o(i.I2C_ITSlaveSeqCplt) refers to stm32f7xx_hal_i2c.o(i.HAL_I2C_SlaveTxCpltCallback) for HAL_I2C_SlaveTxCpltCallback
    stm32f7xx_hal_i2c.o(i.I2C_IsAcknowledgeFailed) refers to stm32f7xx_hal.o(i.HAL_GetTick) for HAL_GetTick
    stm32f7xx_hal_i2c.o(i.I2C_IsAcknowledgeFailed) refers to stm32f7xx_hal_i2c.o(i.I2C_Flush_TXDR) for I2C_Flush_TXDR
    stm32f7xx_hal_i2c.o(i.I2C_Master_ISR_DMA) refers to stm32f7xx_hal_i2c.o(i.I2C_Enable_IRQ) for I2C_Enable_IRQ
    stm32f7xx_hal_i2c.o(i.I2C_Master_ISR_DMA) refers to stm32f7xx_hal_i2c.o(i.I2C_Flush_TXDR) for I2C_Flush_TXDR
    stm32f7xx_hal_i2c.o(i.I2C_Master_ISR_DMA) refers to stm32f7xx_hal_i2c.o(i.I2C_TransferConfig) for I2C_TransferConfig
    stm32f7xx_hal_i2c.o(i.I2C_Master_ISR_DMA) refers to stm32f7xx_hal_i2c.o(i.I2C_ITError) for I2C_ITError
    stm32f7xx_hal_i2c.o(i.I2C_Master_ISR_DMA) refers to stm32f7xx_hal_i2c.o(i.I2C_ITMasterSeqCplt) for I2C_ITMasterSeqCplt
    stm32f7xx_hal_i2c.o(i.I2C_Master_ISR_DMA) refers to stm32f7xx_hal_i2c.o(i.I2C_ITMasterCplt) for I2C_ITMasterCplt
    stm32f7xx_hal_i2c.o(i.I2C_Master_ISR_IT) refers to stm32f7xx_hal_i2c.o(i.I2C_Flush_TXDR) for I2C_Flush_TXDR
    stm32f7xx_hal_i2c.o(i.I2C_Master_ISR_IT) refers to stm32f7xx_hal_i2c.o(i.I2C_TransferConfig) for I2C_TransferConfig
    stm32f7xx_hal_i2c.o(i.I2C_Master_ISR_IT) refers to stm32f7xx_hal_i2c.o(i.I2C_ITError) for I2C_ITError
    stm32f7xx_hal_i2c.o(i.I2C_Master_ISR_IT) refers to stm32f7xx_hal_i2c.o(i.I2C_ITMasterCplt) for I2C_ITMasterCplt
    stm32f7xx_hal_i2c.o(i.I2C_Master_ISR_IT) refers to stm32f7xx_hal_i2c.o(i.I2C_ITMasterSeqCplt) for I2C_ITMasterSeqCplt
    stm32f7xx_hal_i2c.o(i.I2C_RequestMemoryRead) refers to stm32f7xx_hal_i2c.o(i.I2C_TransferConfig) for I2C_TransferConfig
    stm32f7xx_hal_i2c.o(i.I2C_RequestMemoryRead) refers to stm32f7xx_hal_i2c.o(i.I2C_WaitOnTXISFlagUntilTimeout) for I2C_WaitOnTXISFlagUntilTimeout
    stm32f7xx_hal_i2c.o(i.I2C_RequestMemoryRead) refers to stm32f7xx_hal_i2c.o(i.I2C_WaitOnFlagUntilTimeout) for I2C_WaitOnFlagUntilTimeout
    stm32f7xx_hal_i2c.o(i.I2C_RequestMemoryWrite) refers to stm32f7xx_hal_i2c.o(i.I2C_TransferConfig) for I2C_TransferConfig
    stm32f7xx_hal_i2c.o(i.I2C_RequestMemoryWrite) refers to stm32f7xx_hal_i2c.o(i.I2C_WaitOnTXISFlagUntilTimeout) for I2C_WaitOnTXISFlagUntilTimeout
    stm32f7xx_hal_i2c.o(i.I2C_RequestMemoryWrite) refers to stm32f7xx_hal_i2c.o(i.I2C_WaitOnFlagUntilTimeout) for I2C_WaitOnFlagUntilTimeout
    stm32f7xx_hal_i2c.o(i.I2C_Slave_ISR_DMA) refers to stm32f7xx_hal_i2c.o(i.I2C_ITListenCplt) for I2C_ITListenCplt
    stm32f7xx_hal_i2c.o(i.I2C_Slave_ISR_DMA) refers to stm32f7xx_hal_i2c.o(i.I2C_Flush_TXDR) for I2C_Flush_TXDR
    stm32f7xx_hal_i2c.o(i.I2C_Slave_ISR_DMA) refers to stm32f7xx_hal_i2c.o(i.I2C_ITSlaveSeqCplt) for I2C_ITSlaveSeqCplt
    stm32f7xx_hal_i2c.o(i.I2C_Slave_ISR_DMA) refers to stm32f7xx_hal_i2c.o(i.I2C_ITError) for I2C_ITError
    stm32f7xx_hal_i2c.o(i.I2C_Slave_ISR_DMA) refers to stm32f7xx_hal_i2c.o(i.I2C_ITAddrCplt) for I2C_ITAddrCplt
    stm32f7xx_hal_i2c.o(i.I2C_Slave_ISR_DMA) refers to stm32f7xx_hal_i2c.o(i.I2C_ITSlaveCplt) for I2C_ITSlaveCplt
    stm32f7xx_hal_i2c.o(i.I2C_Slave_ISR_IT) refers to stm32f7xx_hal_i2c.o(i.I2C_ITError) for I2C_ITError
    stm32f7xx_hal_i2c.o(i.I2C_Slave_ISR_IT) refers to stm32f7xx_hal_i2c.o(i.I2C_ITListenCplt) for I2C_ITListenCplt
    stm32f7xx_hal_i2c.o(i.I2C_Slave_ISR_IT) refers to stm32f7xx_hal_i2c.o(i.I2C_Flush_TXDR) for I2C_Flush_TXDR
    stm32f7xx_hal_i2c.o(i.I2C_Slave_ISR_IT) refers to stm32f7xx_hal_i2c.o(i.I2C_ITAddrCplt) for I2C_ITAddrCplt
    stm32f7xx_hal_i2c.o(i.I2C_Slave_ISR_IT) refers to stm32f7xx_hal_i2c.o(i.I2C_ITSlaveSeqCplt) for I2C_ITSlaveSeqCplt
    stm32f7xx_hal_i2c.o(i.I2C_Slave_ISR_IT) refers to stm32f7xx_hal_i2c.o(i.I2C_ITSlaveCplt) for I2C_ITSlaveCplt
    stm32f7xx_hal_i2c.o(i.I2C_WaitOnFlagUntilTimeout) refers to stm32f7xx_hal.o(i.HAL_GetTick) for HAL_GetTick
    stm32f7xx_hal_i2c.o(i.I2C_WaitOnRXNEFlagUntilTimeout) refers to stm32f7xx_hal_i2c.o(i.I2C_IsAcknowledgeFailed) for I2C_IsAcknowledgeFailed
    stm32f7xx_hal_i2c.o(i.I2C_WaitOnRXNEFlagUntilTimeout) refers to stm32f7xx_hal.o(i.HAL_GetTick) for HAL_GetTick
    stm32f7xx_hal_i2c.o(i.I2C_WaitOnSTOPFlagUntilTimeout) refers to stm32f7xx_hal_i2c.o(i.I2C_IsAcknowledgeFailed) for I2C_IsAcknowledgeFailed
    stm32f7xx_hal_i2c.o(i.I2C_WaitOnSTOPFlagUntilTimeout) refers to stm32f7xx_hal.o(i.HAL_GetTick) for HAL_GetTick
    stm32f7xx_hal_i2c.o(i.I2C_WaitOnTXISFlagUntilTimeout) refers to stm32f7xx_hal_i2c.o(i.I2C_IsAcknowledgeFailed) for I2C_IsAcknowledgeFailed
    stm32f7xx_hal_i2c.o(i.I2C_WaitOnTXISFlagUntilTimeout) refers to stm32f7xx_hal.o(i.HAL_GetTick) for HAL_GetTick
    system_stm32f7xx.o(i.SystemCoreClockUpdate) refers to system_stm32f7xx.o(.data) for .data
    system_stm32f7xx.o(i.SystemCoreClockUpdate) refers to system_stm32f7xx.o(.constdata) for .constdata
    entry.o(.ARM.Collect$$$$00000000) refers (Special) to entry10a.o(.ARM.Collect$$$$0000000D) for __rt_final_cpp
    entry.o(.ARM.Collect$$$$00000000) refers (Special) to entry11a.o(.ARM.Collect$$$$0000000F) for __rt_final_exit
    entry.o(.ARM.Collect$$$$00000000) refers (Special) to entry7b.o(.ARM.Collect$$$$00000008) for _main_clock
    entry.o(.ARM.Collect$$$$00000000) refers (Special) to entry8b.o(.ARM.Collect$$$$0000000A) for _main_cpp_init
    entry.o(.ARM.Collect$$$$00000000) refers (Special) to entry9a.o(.ARM.Collect$$$$0000000B) for _main_init
    entry.o(.ARM.Collect$$$$00000000) refers (Special) to entry5.o(.ARM.Collect$$$$00000004) for _main_scatterload
    entry.o(.ARM.Collect$$$$00000000) refers (Special) to entry2.o(.ARM.Collect$$$$00000001) for _main_stk
    uldiv.o(.text) refers to llushr.o(.text) for __aeabi_llsr
    uldiv.o(.text) refers to llshl.o(.text) for __aeabi_llsl
    entry2.o(.ARM.Collect$$$$00000001) refers to entry2.o(.ARM.Collect$$$$00002712) for __lit__00000000
    entry2.o(.ARM.Collect$$$$00002712) refers to startup_stm32f746xx.o(STACK) for __initial_sp
    entry2.o(__vectab_stack_and_reset_area) refers to startup_stm32f746xx.o(STACK) for __initial_sp
    entry2.o(__vectab_stack_and_reset_area) refers to entry.o(.ARM.Collect$$$$00000000) for __main
    entry5.o(.ARM.Collect$$$$00000004) refers to init.o(.text) for __scatterload
    entry9a.o(.ARM.Collect$$$$0000000B) refers to main.o(i.main) for main
    entry9b.o(.ARM.Collect$$$$0000000C) refers to main.o(i.main) for main
    init.o(.text) refers to entry5.o(.ARM.Collect$$$$00000004) for __main_after_scatterload


==============================================================================

Removing Unused input sections from the image.

    Removing startup_stm32f746xx.o(HEAP), (512 bytes).
    Removing spi_stack.o(.rev16_text), (4 bytes).
    Removing spi_stack.o(.revsh_text), (4 bytes).
    Removing spi_stack.o(.rrx_text), (6 bytes).
    Removing spi_stack.o(.bss), (127 bytes).
    Removing spi_stack.o(.data), (4 bytes).
    Removing spi_stack.o(.data), (1 bytes).
    Removing spi_stack.o(.data), (4 bytes).
    Removing spi_stack.o(.data), (4 bytes).
    Removing spi_stack.o(.data), (1 bytes).
    Removing spi_stack.o(.data), (1 bytes).
    Removing main.o(.rev16_text), (4 bytes).
    Removing main.o(.revsh_text), (4 bytes).
    Removing main.o(.rrx_text), (6 bytes).
    Removing stm32f7xx_it.o(.rev16_text), (4 bytes).
    Removing stm32f7xx_it.o(.revsh_text), (4 bytes).
    Removing stm32f7xx_it.o(.rrx_text), (6 bytes).
    Removing stm32f7xx_hal_msp.o(.rev16_text), (4 bytes).
    Removing stm32f7xx_hal_msp.o(.revsh_text), (4 bytes).
    Removing stm32f7xx_hal_msp.o(.rrx_text), (6 bytes).
    Removing stm32f7xx_hal_msp.o(i.HAL_SPI_MspDeInit), (72 bytes).
    Removing stm32f7xx_hal_msp.o(i.HAL_UART_MspDeInit), (44 bytes).
    Removing stm32f7xx_hal_cortex.o(.rev16_text), (4 bytes).
    Removing stm32f7xx_hal_cortex.o(.revsh_text), (4 bytes).
    Removing stm32f7xx_hal_cortex.o(.rrx_text), (6 bytes).
    Removing stm32f7xx_hal_cortex.o(i.HAL_MPU_ConfigRegion), (92 bytes).
    Removing stm32f7xx_hal_cortex.o(i.HAL_MPU_Disable), (28 bytes).
    Removing stm32f7xx_hal_cortex.o(i.HAL_MPU_Enable), (36 bytes).
    Removing stm32f7xx_hal_cortex.o(i.HAL_NVIC_ClearPendingIRQ), (26 bytes).
    Removing stm32f7xx_hal_cortex.o(i.HAL_NVIC_DisableIRQ), (34 bytes).
    Removing stm32f7xx_hal_cortex.o(i.HAL_NVIC_GetActive), (36 bytes).
    Removing stm32f7xx_hal_cortex.o(i.HAL_NVIC_GetPendingIRQ), (36 bytes).
    Removing stm32f7xx_hal_cortex.o(i.HAL_NVIC_GetPriority), (82 bytes).
    Removing stm32f7xx_hal_cortex.o(i.HAL_NVIC_GetPriorityGrouping), (16 bytes).
    Removing stm32f7xx_hal_cortex.o(i.HAL_NVIC_SetPendingIRQ), (26 bytes).
    Removing stm32f7xx_hal_cortex.o(i.HAL_NVIC_SystemReset), (36 bytes).
    Removing stm32f7xx_hal_cortex.o(i.HAL_SYSTICK_CLKSourceConfig), (24 bytes).
    Removing stm32f7xx_hal_cortex.o(i.HAL_SYSTICK_Callback), (2 bytes).
    Removing stm32f7xx_hal_cortex.o(i.HAL_SYSTICK_IRQHandler), (8 bytes).
    Removing stm32f7xx_hal_spi.o(.rev16_text), (4 bytes).
    Removing stm32f7xx_hal_spi.o(.revsh_text), (4 bytes).
    Removing stm32f7xx_hal_spi.o(.rrx_text), (6 bytes).
    Removing stm32f7xx_hal_spi.o(i.HAL_SPI_Abort), (364 bytes).
    Removing stm32f7xx_hal_spi.o(i.HAL_SPI_AbortCpltCallback), (2 bytes).
    Removing stm32f7xx_hal_spi.o(i.HAL_SPI_Abort_IT), (292 bytes).
    Removing stm32f7xx_hal_spi.o(i.HAL_SPI_DMAPause), (38 bytes).
    Removing stm32f7xx_hal_spi.o(i.HAL_SPI_DMAResume), (38 bytes).
    Removing stm32f7xx_hal_spi.o(i.HAL_SPI_DMAStop), (66 bytes).
    Removing stm32f7xx_hal_spi.o(i.HAL_SPI_DeInit), (46 bytes).
    Removing stm32f7xx_hal_spi.o(i.HAL_SPI_ErrorCallback), (2 bytes).
    Removing stm32f7xx_hal_spi.o(i.HAL_SPI_GetError), (4 bytes).
    Removing stm32f7xx_hal_spi.o(i.HAL_SPI_GetState), (6 bytes).
    Removing stm32f7xx_hal_spi.o(i.HAL_SPI_IRQHandler), (252 bytes).
    Removing stm32f7xx_hal_spi.o(i.HAL_SPI_MspDeInit), (2 bytes).
    Removing stm32f7xx_hal_spi.o(i.HAL_SPI_MspInit), (2 bytes).
    Removing stm32f7xx_hal_spi.o(i.HAL_SPI_Receive), (386 bytes).
    Removing stm32f7xx_hal_spi.o(i.HAL_SPI_Receive_DMA), (340 bytes).
    Removing stm32f7xx_hal_spi.o(i.HAL_SPI_Receive_IT), (192 bytes).
    Removing stm32f7xx_hal_spi.o(i.HAL_SPI_RxCpltCallback), (2 bytes).
    Removing stm32f7xx_hal_spi.o(i.HAL_SPI_RxHalfCpltCallback), (2 bytes).
    Removing stm32f7xx_hal_spi.o(i.HAL_SPI_Transmit), (378 bytes).
    Removing stm32f7xx_hal_spi.o(i.HAL_SPI_TransmitReceive), (608 bytes).
    Removing stm32f7xx_hal_spi.o(i.HAL_SPI_TransmitReceive_DMA), (448 bytes).
    Removing stm32f7xx_hal_spi.o(i.HAL_SPI_TransmitReceive_IT), (196 bytes).
    Removing stm32f7xx_hal_spi.o(i.HAL_SPI_Transmit_DMA), (272 bytes).
    Removing stm32f7xx_hal_spi.o(i.HAL_SPI_Transmit_IT), (148 bytes).
    Removing stm32f7xx_hal_spi.o(i.HAL_SPI_TxCpltCallback), (2 bytes).
    Removing stm32f7xx_hal_spi.o(i.HAL_SPI_TxHalfCpltCallback), (2 bytes).
    Removing stm32f7xx_hal_spi.o(i.HAL_SPI_TxRxCpltCallback), (2 bytes).
    Removing stm32f7xx_hal_spi.o(i.HAL_SPI_TxRxHalfCpltCallback), (2 bytes).
    Removing stm32f7xx_hal_spi.o(i.SPI_2linesRxISR_16BIT), (54 bytes).
    Removing stm32f7xx_hal_spi.o(i.SPI_2linesRxISR_8BIT), (102 bytes).
    Removing stm32f7xx_hal_spi.o(i.SPI_2linesTxISR_16BIT), (50 bytes).
    Removing stm32f7xx_hal_spi.o(i.SPI_2linesTxISR_8BIT), (72 bytes).
    Removing stm32f7xx_hal_spi.o(i.SPI_AbortRx_ISR), (132 bytes).
    Removing stm32f7xx_hal_spi.o(i.SPI_AbortTx_ISR), (216 bytes).
    Removing stm32f7xx_hal_spi.o(i.SPI_CloseRxTx_ISR), (82 bytes).
    Removing stm32f7xx_hal_spi.o(i.SPI_CloseRx_ISR), (64 bytes).
    Removing stm32f7xx_hal_spi.o(i.SPI_CloseTx_ISR), (76 bytes).
    Removing stm32f7xx_hal_spi.o(i.SPI_DMAAbortOnError), (18 bytes).
    Removing stm32f7xx_hal_spi.o(i.SPI_DMAError), (34 bytes).
    Removing stm32f7xx_hal_spi.o(i.SPI_DMAHalfReceiveCplt), (10 bytes).
    Removing stm32f7xx_hal_spi.o(i.SPI_DMAHalfTransmitCplt), (10 bytes).
    Removing stm32f7xx_hal_spi.o(i.SPI_DMAHalfTransmitReceiveCplt), (10 bytes).
    Removing stm32f7xx_hal_spi.o(i.SPI_DMAReceiveCplt), (86 bytes).
    Removing stm32f7xx_hal_spi.o(i.SPI_DMARxAbortCallback), (128 bytes).
    Removing stm32f7xx_hal_spi.o(i.SPI_DMATransmitCplt), (100 bytes).
    Removing stm32f7xx_hal_spi.o(i.SPI_DMATransmitReceiveCplt), (92 bytes).
    Removing stm32f7xx_hal_spi.o(i.SPI_DMATxAbortCallback), (124 bytes).
    Removing stm32f7xx_hal_spi.o(i.SPI_EndRxTransaction), (116 bytes).
    Removing stm32f7xx_hal_spi.o(i.SPI_EndRxTxTransaction), (72 bytes).
    Removing stm32f7xx_hal_spi.o(i.SPI_RxISR_16BIT), (38 bytes).
    Removing stm32f7xx_hal_spi.o(i.SPI_RxISR_8BIT), (38 bytes).
    Removing stm32f7xx_hal_spi.o(i.SPI_TxISR_16BIT), (32 bytes).
    Removing stm32f7xx_hal_spi.o(i.SPI_TxISR_8BIT), (32 bytes).
    Removing stm32f7xx_hal_spi.o(i.SPI_WaitFifoStateUntilTimeout), (150 bytes).
    Removing stm32f7xx_hal_spi.o(i.SPI_WaitFlagStateUntilTimeout), (148 bytes).
    Removing stm32f7xx_hal_spi_ex.o(.rev16_text), (4 bytes).
    Removing stm32f7xx_hal_spi_ex.o(.revsh_text), (4 bytes).
    Removing stm32f7xx_hal_spi_ex.o(.rrx_text), (6 bytes).
    Removing stm32f7xx_hal_spi_ex.o(i.HAL_SPIEx_FlushRxFifo), (36 bytes).
    Removing stm32f7xx_hal_tim.o(.rev16_text), (4 bytes).
    Removing stm32f7xx_hal_tim.o(.revsh_text), (4 bytes).
    Removing stm32f7xx_hal_tim.o(.rrx_text), (6 bytes).
    Removing stm32f7xx_hal_tim_ex.o(.rev16_text), (4 bytes).
    Removing stm32f7xx_hal_tim_ex.o(.revsh_text), (4 bytes).
    Removing stm32f7xx_hal_tim_ex.o(.rrx_text), (6 bytes).
    Removing stm32f7xx_hal_uart.o(.rev16_text), (4 bytes).
    Removing stm32f7xx_hal_uart.o(.revsh_text), (4 bytes).
    Removing stm32f7xx_hal_uart.o(.rrx_text), (6 bytes).
    Removing stm32f7xx_hal_uart.o(i.HAL_HalfDuplex_EnableReceiver), (58 bytes).
    Removing stm32f7xx_hal_uart.o(i.HAL_HalfDuplex_EnableTransmitter), (58 bytes).
    Removing stm32f7xx_hal_uart.o(i.HAL_HalfDuplex_Init), (112 bytes).
    Removing stm32f7xx_hal_uart.o(i.HAL_LIN_Init), (136 bytes).
    Removing stm32f7xx_hal_uart.o(i.HAL_LIN_SendBreak), (48 bytes).
    Removing stm32f7xx_hal_uart.o(i.HAL_MultiProcessor_DisableMuteMode), (40 bytes).
    Removing stm32f7xx_hal_uart.o(i.HAL_MultiProcessor_EnableMuteMode), (40 bytes).
    Removing stm32f7xx_hal_uart.o(i.HAL_MultiProcessor_EnterMuteMode), (12 bytes).
    Removing stm32f7xx_hal_uart.o(i.HAL_MultiProcessor_Init), (134 bytes).
    Removing stm32f7xx_hal_uart.o(i.HAL_UART_Abort), (150 bytes).
    Removing stm32f7xx_hal_uart.o(i.HAL_UART_AbortCpltCallback), (2 bytes).
    Removing stm32f7xx_hal_uart.o(i.HAL_UART_AbortReceive), (102 bytes).
    Removing stm32f7xx_hal_uart.o(i.HAL_UART_AbortReceiveCpltCallback), (2 bytes).
    Removing stm32f7xx_hal_uart.o(i.HAL_UART_AbortReceive_IT), (116 bytes).
    Removing stm32f7xx_hal_uart.o(i.HAL_UART_AbortTransmit), (76 bytes).
    Removing stm32f7xx_hal_uart.o(i.HAL_UART_AbortTransmitCpltCallback), (2 bytes).
    Removing stm32f7xx_hal_uart.o(i.HAL_UART_AbortTransmit_IT), (80 bytes).
    Removing stm32f7xx_hal_uart.o(i.HAL_UART_Abort_IT), (192 bytes).
    Removing stm32f7xx_hal_uart.o(i.HAL_UART_DMAPause), (96 bytes).
    Removing stm32f7xx_hal_uart.o(i.HAL_UART_DMAResume), (88 bytes).
    Removing stm32f7xx_hal_uart.o(i.HAL_UART_DMAStop), (112 bytes).
    Removing stm32f7xx_hal_uart.o(i.HAL_UART_DeInit), (58 bytes).
    Removing stm32f7xx_hal_uart.o(i.HAL_UART_ErrorCallback), (2 bytes).
    Removing stm32f7xx_hal_uart.o(i.HAL_UART_GetError), (4 bytes).
    Removing stm32f7xx_hal_uart.o(i.HAL_UART_GetState), (10 bytes).
    Removing stm32f7xx_hal_uart.o(i.HAL_UART_IRQHandler), (296 bytes).
    Removing stm32f7xx_hal_uart.o(i.HAL_UART_MspDeInit), (2 bytes).
    Removing stm32f7xx_hal_uart.o(i.HAL_UART_MspInit), (2 bytes).
    Removing stm32f7xx_hal_uart.o(i.HAL_UART_Receive), (236 bytes).
    Removing stm32f7xx_hal_uart.o(i.HAL_UART_Receive_DMA), (156 bytes).
    Removing stm32f7xx_hal_uart.o(i.HAL_UART_Receive_IT), (172 bytes).
    Removing stm32f7xx_hal_uart.o(i.HAL_UART_RxCpltCallback), (2 bytes).
    Removing stm32f7xx_hal_uart.o(i.HAL_UART_RxHalfCpltCallback), (2 bytes).
    Removing stm32f7xx_hal_uart.o(i.HAL_UART_Transmit), (182 bytes).
    Removing stm32f7xx_hal_uart.o(i.HAL_UART_Transmit_DMA), (148 bytes).
    Removing stm32f7xx_hal_uart.o(i.HAL_UART_Transmit_IT), (104 bytes).
    Removing stm32f7xx_hal_uart.o(i.HAL_UART_TxCpltCallback), (2 bytes).
    Removing stm32f7xx_hal_uart.o(i.HAL_UART_TxHalfCpltCallback), (2 bytes).
    Removing stm32f7xx_hal_uart.o(i.UART_DMAAbortOnError), (20 bytes).
    Removing stm32f7xx_hal_uart.o(i.UART_DMAError), (70 bytes).
    Removing stm32f7xx_hal_uart.o(i.UART_DMAReceiveCplt), (58 bytes).
    Removing stm32f7xx_hal_uart.o(i.UART_DMARxAbortCallback), (58 bytes).
    Removing stm32f7xx_hal_uart.o(i.UART_DMARxHalfCplt), (10 bytes).
    Removing stm32f7xx_hal_uart.o(i.UART_DMARxOnlyAbortCallback), (36 bytes).
    Removing stm32f7xx_hal_uart.o(i.UART_DMATransmitCplt), (46 bytes).
    Removing stm32f7xx_hal_uart.o(i.UART_DMATxAbortCallback), (48 bytes).
    Removing stm32f7xx_hal_uart.o(i.UART_DMATxHalfCplt), (10 bytes).
    Removing stm32f7xx_hal_uart.o(i.UART_DMATxOnlyAbortCallback), (20 bytes).
    Removing stm32f7xx_hal_uart.o(i.UART_EndRxTransfer), (32 bytes).
    Removing stm32f7xx_hal_uart.o(i.UART_EndTxTransfer), (16 bytes).
    Removing stm32f7xx_hal_uart.o(i.UART_RxISR_16BIT), (90 bytes).
    Removing stm32f7xx_hal_uart.o(i.UART_RxISR_8BIT), (90 bytes).
    Removing stm32f7xx_hal_uart.o(i.UART_TxISR_16BIT), (64 bytes).
    Removing stm32f7xx_hal_uart.o(i.UART_TxISR_8BIT), (60 bytes).
    Removing stm32f7xx_hal_rcc.o(.rev16_text), (4 bytes).
    Removing stm32f7xx_hal_rcc.o(.revsh_text), (4 bytes).
    Removing stm32f7xx_hal_rcc.o(.rrx_text), (6 bytes).
    Removing stm32f7xx_hal_rcc.o(i.HAL_RCC_CSSCallback), (2 bytes).
    Removing stm32f7xx_hal_rcc.o(i.HAL_RCC_DeInit), (320 bytes).
    Removing stm32f7xx_hal_rcc.o(i.HAL_RCC_DisableCSS), (16 bytes).
    Removing stm32f7xx_hal_rcc.o(i.HAL_RCC_EnableCSS), (16 bytes).
    Removing stm32f7xx_hal_rcc.o(i.HAL_RCC_GetClockConfig), (64 bytes).
    Removing stm32f7xx_hal_rcc.o(i.HAL_RCC_GetHCLKFreq), (12 bytes).
    Removing stm32f7xx_hal_rcc.o(i.HAL_RCC_GetOscConfig), (176 bytes).
    Removing stm32f7xx_hal_rcc.o(i.HAL_RCC_MCOConfig), (148 bytes).
    Removing stm32f7xx_hal_rcc.o(i.HAL_RCC_NMI_IRQHandler), (28 bytes).
    Removing stm32f7xx_hal_rcc_ex.o(.rev16_text), (4 bytes).
    Removing stm32f7xx_hal_rcc_ex.o(.revsh_text), (4 bytes).
    Removing stm32f7xx_hal_rcc_ex.o(.rrx_text), (6 bytes).
    Removing stm32f7xx_hal_rcc_ex.o(i.HAL_RCCEx_DisablePLLI2S), (48 bytes).
    Removing stm32f7xx_hal_rcc_ex.o(i.HAL_RCCEx_DisablePLLSAI), (52 bytes).
    Removing stm32f7xx_hal_rcc_ex.o(i.HAL_RCCEx_EnablePLLI2S), (112 bytes).
    Removing stm32f7xx_hal_rcc_ex.o(i.HAL_RCCEx_EnablePLLSAI), (120 bytes).
    Removing stm32f7xx_hal_rcc_ex.o(i.HAL_RCCEx_GetPeriphCLKConfig), (308 bytes).
    Removing stm32f7xx_hal_rcc_ex.o(i.HAL_RCCEx_GetPeriphCLKFreq), (288 bytes).
    Removing stm32f7xx_hal_flash.o(.rev16_text), (4 bytes).
    Removing stm32f7xx_hal_flash.o(.revsh_text), (4 bytes).
    Removing stm32f7xx_hal_flash.o(.rrx_text), (6 bytes).
    Removing stm32f7xx_hal_flash.o(i.FLASH_Program_Byte), (36 bytes).
    Removing stm32f7xx_hal_flash.o(i.FLASH_Program_DoubleWord), (44 bytes).
    Removing stm32f7xx_hal_flash.o(i.FLASH_Program_HalfWord), (40 bytes).
    Removing stm32f7xx_hal_flash.o(i.FLASH_Program_Word), (40 bytes).
    Removing stm32f7xx_hal_flash.o(i.FLASH_SetErrorCode), (88 bytes).
    Removing stm32f7xx_hal_flash.o(i.FLASH_WaitForLastOperation), (84 bytes).
    Removing stm32f7xx_hal_flash.o(i.HAL_FLASH_EndOfOperationCallback), (2 bytes).
    Removing stm32f7xx_hal_flash.o(i.HAL_FLASH_GetError), (12 bytes).
    Removing stm32f7xx_hal_flash.o(i.HAL_FLASH_IRQHandler), (244 bytes).
    Removing stm32f7xx_hal_flash.o(i.HAL_FLASH_Lock), (20 bytes).
    Removing stm32f7xx_hal_flash.o(i.HAL_FLASH_OB_Launch), (24 bytes).
    Removing stm32f7xx_hal_flash.o(i.HAL_FLASH_OB_Lock), (20 bytes).
    Removing stm32f7xx_hal_flash.o(i.HAL_FLASH_OB_Unlock), (40 bytes).
    Removing stm32f7xx_hal_flash.o(i.HAL_FLASH_OperationErrorCallback), (2 bytes).
    Removing stm32f7xx_hal_flash.o(i.HAL_FLASH_Program), (132 bytes).
    Removing stm32f7xx_hal_flash.o(i.HAL_FLASH_Program_IT), (132 bytes).
    Removing stm32f7xx_hal_flash.o(i.HAL_FLASH_Unlock), (48 bytes).
    Removing stm32f7xx_hal_flash.o(.bss), (28 bytes).
    Removing stm32f7xx_hal_flash_ex.o(.rev16_text), (4 bytes).
    Removing stm32f7xx_hal_flash_ex.o(.revsh_text), (4 bytes).
    Removing stm32f7xx_hal_flash_ex.o(.rrx_text), (6 bytes).
    Removing stm32f7xx_hal_flash_ex.o(i.FLASH_Erase_Sector), (84 bytes).
    Removing stm32f7xx_hal_flash_ex.o(i.FLASH_MassErase), (44 bytes).
    Removing stm32f7xx_hal_flash_ex.o(i.FLASH_OB_BootAddressConfig), (48 bytes).
    Removing stm32f7xx_hal_flash_ex.o(i.FLASH_OB_GetBootAddress), (20 bytes).
    Removing stm32f7xx_hal_flash_ex.o(i.HAL_FLASHEx_Erase), (140 bytes).
    Removing stm32f7xx_hal_flash_ex.o(i.HAL_FLASHEx_Erase_IT), (100 bytes).
    Removing stm32f7xx_hal_flash_ex.o(i.HAL_FLASHEx_OBGetConfig), (80 bytes).
    Removing stm32f7xx_hal_flash_ex.o(i.HAL_FLASHEx_OBProgram), (236 bytes).
    Removing stm32f7xx_hal_gpio.o(.rev16_text), (4 bytes).
    Removing stm32f7xx_hal_gpio.o(.revsh_text), (4 bytes).
    Removing stm32f7xx_hal_gpio.o(.rrx_text), (6 bytes).
    Removing stm32f7xx_hal_gpio.o(i.HAL_GPIO_DeInit), (388 bytes).
    Removing stm32f7xx_hal_gpio.o(i.HAL_GPIO_LockPin), (34 bytes).
    Removing stm32f7xx_hal_gpio.o(i.HAL_GPIO_TogglePin), (14 bytes).
    Removing stm32f7xx_hal_dma.o(.rev16_text), (4 bytes).
    Removing stm32f7xx_hal_dma.o(.revsh_text), (4 bytes).
    Removing stm32f7xx_hal_dma.o(.rrx_text), (6 bytes).
    Removing stm32f7xx_hal_dma.o(i.DMA_SetConfig), (40 bytes).
    Removing stm32f7xx_hal_dma.o(i.HAL_DMA_Abort), (146 bytes).
    Removing stm32f7xx_hal_dma.o(i.HAL_DMA_Abort_IT), (36 bytes).
    Removing stm32f7xx_hal_dma.o(i.HAL_DMA_DeInit), (98 bytes).
    Removing stm32f7xx_hal_dma.o(i.HAL_DMA_GetError), (4 bytes).
    Removing stm32f7xx_hal_dma.o(i.HAL_DMA_GetState), (6 bytes).
    Removing stm32f7xx_hal_dma.o(i.HAL_DMA_IRQHandler), (416 bytes).
    Removing stm32f7xx_hal_dma.o(i.HAL_DMA_PollForTransfer), (292 bytes).
    Removing stm32f7xx_hal_dma.o(i.HAL_DMA_RegisterCallback), (80 bytes).
    Removing stm32f7xx_hal_dma.o(i.HAL_DMA_Start), (74 bytes).
    Removing stm32f7xx_hal_dma.o(i.HAL_DMA_Start_IT), (122 bytes).
    Removing stm32f7xx_hal_dma.o(i.HAL_DMA_UnRegisterCallback), (96 bytes).
    Removing stm32f7xx_hal_dma_ex.o(.rev16_text), (4 bytes).
    Removing stm32f7xx_hal_dma_ex.o(.revsh_text), (4 bytes).
    Removing stm32f7xx_hal_dma_ex.o(.rrx_text), (6 bytes).
    Removing stm32f7xx_hal_dma_ex.o(i.DMA_MultiBufferSetConfig), (30 bytes).
    Removing stm32f7xx_hal_dma_ex.o(i.HAL_DMAEx_ChangeMemory), (14 bytes).
    Removing stm32f7xx_hal_dma_ex.o(i.HAL_DMAEx_MultiBufferStart), (100 bytes).
    Removing stm32f7xx_hal_dma_ex.o(i.HAL_DMAEx_MultiBufferStart_IT), (2428 bytes).
    Removing stm32f7xx_hal_pwr.o(.rev16_text), (4 bytes).
    Removing stm32f7xx_hal_pwr.o(.revsh_text), (4 bytes).
    Removing stm32f7xx_hal_pwr.o(.rrx_text), (6 bytes).
    Removing stm32f7xx_hal_pwr.o(i.HAL_PWR_ConfigPVD), (124 bytes).
    Removing stm32f7xx_hal_pwr.o(i.HAL_PWR_DeInit), (24 bytes).
    Removing stm32f7xx_hal_pwr.o(i.HAL_PWR_DisableBkUpAccess), (16 bytes).
    Removing stm32f7xx_hal_pwr.o(i.HAL_PWR_DisablePVD), (16 bytes).
    Removing stm32f7xx_hal_pwr.o(i.HAL_PWR_DisableSEVOnPend), (16 bytes).
    Removing stm32f7xx_hal_pwr.o(i.HAL_PWR_DisableSleepOnExit), (16 bytes).
    Removing stm32f7xx_hal_pwr.o(i.HAL_PWR_DisableWakeUpPin), (16 bytes).
    Removing stm32f7xx_hal_pwr.o(i.HAL_PWR_EnablePVD), (16 bytes).
    Removing stm32f7xx_hal_pwr.o(i.HAL_PWR_EnableSEVOnPend), (16 bytes).
    Removing stm32f7xx_hal_pwr.o(i.HAL_PWR_EnableSleepOnExit), (16 bytes).
    Removing stm32f7xx_hal_pwr.o(i.HAL_PWR_EnableWakeUpPin), (28 bytes).
    Removing stm32f7xx_hal_pwr.o(i.HAL_PWR_EnterSLEEPMode), (40 bytes).
    Removing stm32f7xx_hal_pwr.o(i.HAL_PWR_EnterSTANDBYMode), (32 bytes).
    Removing stm32f7xx_hal_pwr.o(i.HAL_PWR_EnterSTOPMode), (64 bytes).
    Removing stm32f7xx_hal_pwr.o(i.HAL_PWR_PVDCallback), (2 bytes).
    Removing stm32f7xx_hal_pwr.o(i.HAL_PWR_PVD_IRQHandler), (28 bytes).
    Removing stm32f7xx_hal_pwr_ex.o(.rev16_text), (4 bytes).
    Removing stm32f7xx_hal_pwr_ex.o(.revsh_text), (4 bytes).
    Removing stm32f7xx_hal_pwr_ex.o(.rrx_text), (6 bytes).
    Removing stm32f7xx_hal_pwr_ex.o(i.HAL_PWREx_ControlVoltageScaling), (176 bytes).
    Removing stm32f7xx_hal_pwr_ex.o(i.HAL_PWREx_DisableBkUpReg), (64 bytes).
    Removing stm32f7xx_hal_pwr_ex.o(i.HAL_PWREx_DisableFlashPowerDown), (16 bytes).
    Removing stm32f7xx_hal_pwr_ex.o(i.HAL_PWREx_DisableLowRegulatorLowVoltage), (16 bytes).
    Removing stm32f7xx_hal_pwr_ex.o(i.HAL_PWREx_DisableMainRegulatorLowVoltage), (16 bytes).
    Removing stm32f7xx_hal_pwr_ex.o(i.HAL_PWREx_DisableOverDrive), (108 bytes).
    Removing stm32f7xx_hal_pwr_ex.o(i.HAL_PWREx_EnableBkUpReg), (64 bytes).
    Removing stm32f7xx_hal_pwr_ex.o(i.HAL_PWREx_EnableFlashPowerDown), (16 bytes).
    Removing stm32f7xx_hal_pwr_ex.o(i.HAL_PWREx_EnableLowRegulatorLowVoltage), (16 bytes).
    Removing stm32f7xx_hal_pwr_ex.o(i.HAL_PWREx_EnableMainRegulatorLowVoltage), (16 bytes).
    Removing stm32f7xx_hal_pwr_ex.o(i.HAL_PWREx_EnterUnderDriveSTOPMode), (144 bytes).
    Removing stm32f7xx_hal_pwr_ex.o(i.HAL_PWREx_GetVoltageRange), (16 bytes).
    Removing stm32f7xx_hal.o(.rev16_text), (4 bytes).
    Removing stm32f7xx_hal.o(.revsh_text), (4 bytes).
    Removing stm32f7xx_hal.o(.rrx_text), (6 bytes).
    Removing stm32f7xx_hal.o(i.HAL_DBGMCU_DisableDBGSleepMode), (16 bytes).
    Removing stm32f7xx_hal.o(i.HAL_DBGMCU_DisableDBGStandbyMode), (16 bytes).
    Removing stm32f7xx_hal.o(i.HAL_DBGMCU_DisableDBGStopMode), (16 bytes).
    Removing stm32f7xx_hal.o(i.HAL_DBGMCU_EnableDBGSleepMode), (16 bytes).
    Removing stm32f7xx_hal.o(i.HAL_DBGMCU_EnableDBGStandbyMode), (16 bytes).
    Removing stm32f7xx_hal.o(i.HAL_DBGMCU_EnableDBGStopMode), (16 bytes).
    Removing stm32f7xx_hal.o(i.HAL_DeInit), (52 bytes).
    Removing stm32f7xx_hal.o(i.HAL_DisableCompensationCell), (16 bytes).
    Removing stm32f7xx_hal.o(i.HAL_DisableFMCMemorySwapping), (16 bytes).
    Removing stm32f7xx_hal.o(i.HAL_EnableCompensationCell), (16 bytes).
    Removing stm32f7xx_hal.o(i.HAL_EnableFMCMemorySwapping), (16 bytes).
    Removing stm32f7xx_hal.o(i.HAL_GetDEVID), (16 bytes).
    Removing stm32f7xx_hal.o(i.HAL_GetHalVersion), (8 bytes).
    Removing stm32f7xx_hal.o(i.HAL_GetREVID), (12 bytes).
    Removing stm32f7xx_hal.o(i.HAL_GetTickFreq), (12 bytes).
    Removing stm32f7xx_hal.o(i.HAL_GetTickPrio), (12 bytes).
    Removing stm32f7xx_hal.o(i.HAL_GetUIDw0), (12 bytes).
    Removing stm32f7xx_hal.o(i.HAL_GetUIDw1), (12 bytes).
    Removing stm32f7xx_hal.o(i.HAL_GetUIDw2), (12 bytes).
    Removing stm32f7xx_hal.o(i.HAL_MspDeInit), (2 bytes).
    Removing stm32f7xx_hal.o(i.HAL_MspInit), (2 bytes).
    Removing stm32f7xx_hal.o(i.HAL_ResumeTick), (14 bytes).
    Removing stm32f7xx_hal.o(i.HAL_SetTickFreq), (32 bytes).
    Removing stm32f7xx_hal.o(i.HAL_SuspendTick), (14 bytes).
    Removing stm32f7xx_hal_i2c.o(.rev16_text), (4 bytes).
    Removing stm32f7xx_hal_i2c.o(.revsh_text), (4 bytes).
    Removing stm32f7xx_hal_i2c.o(.rrx_text), (6 bytes).
    Removing stm32f7xx_hal_i2c.o(i.HAL_I2C_AbortCpltCallback), (2 bytes).
    Removing stm32f7xx_hal_i2c.o(i.HAL_I2C_AddrCallback), (2 bytes).
    Removing stm32f7xx_hal_i2c.o(i.HAL_I2C_DeInit), (52 bytes).
    Removing stm32f7xx_hal_i2c.o(i.HAL_I2C_DisableListen_IT), (54 bytes).
    Removing stm32f7xx_hal_i2c.o(i.HAL_I2C_ER_IRQHandler), (104 bytes).
    Removing stm32f7xx_hal_i2c.o(i.HAL_I2C_EV_IRQHandler), (16 bytes).
    Removing stm32f7xx_hal_i2c.o(i.HAL_I2C_EnableListen_IT), (40 bytes).
    Removing stm32f7xx_hal_i2c.o(i.HAL_I2C_ErrorCallback), (2 bytes).
    Removing stm32f7xx_hal_i2c.o(i.HAL_I2C_GetError), (4 bytes).
    Removing stm32f7xx_hal_i2c.o(i.HAL_I2C_GetMode), (6 bytes).
    Removing stm32f7xx_hal_i2c.o(i.HAL_I2C_GetState), (6 bytes).
    Removing stm32f7xx_hal_i2c.o(i.HAL_I2C_Init), (184 bytes).
    Removing stm32f7xx_hal_i2c.o(i.HAL_I2C_IsDeviceReady), (304 bytes).
    Removing stm32f7xx_hal_i2c.o(i.HAL_I2C_ListenCpltCallback), (2 bytes).
    Removing stm32f7xx_hal_i2c.o(i.HAL_I2C_MasterRxCpltCallback), (2 bytes).
    Removing stm32f7xx_hal_i2c.o(i.HAL_I2C_MasterTxCpltCallback), (2 bytes).
    Removing stm32f7xx_hal_i2c.o(i.HAL_I2C_Master_Abort_IT), (96 bytes).
    Removing stm32f7xx_hal_i2c.o(i.HAL_I2C_Master_Receive), (292 bytes).
    Removing stm32f7xx_hal_i2c.o(i.HAL_I2C_Master_Receive_DMA), (300 bytes).
    Removing stm32f7xx_hal_i2c.o(i.HAL_I2C_Master_Receive_IT), (132 bytes).
    Removing stm32f7xx_hal_i2c.o(i.HAL_I2C_Master_Seq_Receive_DMA), (324 bytes).
    Removing stm32f7xx_hal_i2c.o(i.HAL_I2C_Master_Seq_Receive_IT), (160 bytes).
    Removing stm32f7xx_hal_i2c.o(i.HAL_I2C_Master_Seq_Transmit_DMA), (324 bytes).
    Removing stm32f7xx_hal_i2c.o(i.HAL_I2C_Master_Seq_Transmit_IT), (160 bytes).
    Removing stm32f7xx_hal_i2c.o(i.HAL_I2C_Master_Transmit), (292 bytes).
    Removing stm32f7xx_hal_i2c.o(i.HAL_I2C_Master_Transmit_DMA), (308 bytes).
    Removing stm32f7xx_hal_i2c.o(i.HAL_I2C_Master_Transmit_IT), (132 bytes).
    Removing stm32f7xx_hal_i2c.o(i.HAL_I2C_MemRxCpltCallback), (2 bytes).
    Removing stm32f7xx_hal_i2c.o(i.HAL_I2C_MemTxCpltCallback), (2 bytes).
    Removing stm32f7xx_hal_i2c.o(i.HAL_I2C_Mem_Read), (356 bytes).
    Removing stm32f7xx_hal_i2c.o(i.HAL_I2C_Mem_Read_DMA), (304 bytes).
    Removing stm32f7xx_hal_i2c.o(i.HAL_I2C_Mem_Read_IT), (196 bytes).
    Removing stm32f7xx_hal_i2c.o(i.HAL_I2C_Mem_Write), (344 bytes).
    Removing stm32f7xx_hal_i2c.o(i.HAL_I2C_Mem_Write_DMA), (296 bytes).
    Removing stm32f7xx_hal_i2c.o(i.HAL_I2C_Mem_Write_IT), (188 bytes).
    Removing stm32f7xx_hal_i2c.o(i.HAL_I2C_MspDeInit), (2 bytes).
    Removing stm32f7xx_hal_i2c.o(i.HAL_I2C_MspInit), (2 bytes).
    Removing stm32f7xx_hal_i2c.o(i.HAL_I2C_SlaveRxCpltCallback), (2 bytes).
    Removing stm32f7xx_hal_i2c.o(i.HAL_I2C_SlaveTxCpltCallback), (2 bytes).
    Removing stm32f7xx_hal_i2c.o(i.HAL_I2C_Slave_Receive), (296 bytes).
    Removing stm32f7xx_hal_i2c.o(i.HAL_I2C_Slave_Receive_DMA), (228 bytes).
    Removing stm32f7xx_hal_i2c.o(i.HAL_I2C_Slave_Receive_IT), (92 bytes).
    Removing stm32f7xx_hal_i2c.o(i.HAL_I2C_Slave_Seq_Receive_DMA), (356 bytes).
    Removing stm32f7xx_hal_i2c.o(i.HAL_I2C_Slave_Seq_Receive_IT), (196 bytes).
    Removing stm32f7xx_hal_i2c.o(i.HAL_I2C_Slave_Seq_Transmit_DMA), (356 bytes).
    Removing stm32f7xx_hal_i2c.o(i.HAL_I2C_Slave_Seq_Transmit_IT), (196 bytes).
    Removing stm32f7xx_hal_i2c.o(i.HAL_I2C_Slave_Transmit), (304 bytes).
    Removing stm32f7xx_hal_i2c.o(i.HAL_I2C_Slave_Transmit_DMA), (220 bytes).
    Removing stm32f7xx_hal_i2c.o(i.HAL_I2C_Slave_Transmit_IT), (92 bytes).
    Removing stm32f7xx_hal_i2c.o(i.I2C_ConvertOtherXferOptions), (26 bytes).
    Removing stm32f7xx_hal_i2c.o(i.I2C_DMAAbort), (40 bytes).
    Removing stm32f7xx_hal_i2c.o(i.I2C_DMAError), (66 bytes).
    Removing stm32f7xx_hal_i2c.o(i.I2C_DMAMasterReceiveCplt), (78 bytes).
    Removing stm32f7xx_hal_i2c.o(i.I2C_DMAMasterTransmitCplt), (78 bytes).
    Removing stm32f7xx_hal_i2c.o(i.I2C_DMASlaveReceiveCplt), (36 bytes).
    Removing stm32f7xx_hal_i2c.o(i.I2C_DMASlaveTransmitCplt), (30 bytes).
    Removing stm32f7xx_hal_i2c.o(i.I2C_Disable_IRQ), (86 bytes).
    Removing stm32f7xx_hal_i2c.o(i.I2C_Enable_IRQ), (92 bytes).
    Removing stm32f7xx_hal_i2c.o(i.I2C_Flush_TXDR), (34 bytes).
    Removing stm32f7xx_hal_i2c.o(i.I2C_ITAddrCplt), (136 bytes).
    Removing stm32f7xx_hal_i2c.o(i.I2C_ITError), (224 bytes).
    Removing stm32f7xx_hal_i2c.o(i.I2C_ITListenCplt), (100 bytes).
    Removing stm32f7xx_hal_i2c.o(i.I2C_ITMasterCplt), (188 bytes).
    Removing stm32f7xx_hal_i2c.o(i.I2C_ITMasterSeqCplt), (80 bytes).
    Removing stm32f7xx_hal_i2c.o(i.I2C_ITSlaveCplt), (240 bytes).
    Removing stm32f7xx_hal_i2c.o(i.I2C_ITSlaveSeqCplt), (84 bytes).
    Removing stm32f7xx_hal_i2c.o(i.I2C_IsAcknowledgeFailed), (136 bytes).
    Removing stm32f7xx_hal_i2c.o(i.I2C_Master_ISR_DMA), (272 bytes).
    Removing stm32f7xx_hal_i2c.o(i.I2C_Master_ISR_IT), (296 bytes).
    Removing stm32f7xx_hal_i2c.o(i.I2C_RequestMemoryRead), (100 bytes).
    Removing stm32f7xx_hal_i2c.o(i.I2C_RequestMemoryWrite), (100 bytes).
    Removing stm32f7xx_hal_i2c.o(i.I2C_Slave_ISR_DMA), (222 bytes).
    Removing stm32f7xx_hal_i2c.o(i.I2C_Slave_ISR_IT), (292 bytes).
    Removing stm32f7xx_hal_i2c.o(i.I2C_TransferConfig), (44 bytes).
    Removing stm32f7xx_hal_i2c.o(i.I2C_WaitOnFlagUntilTimeout), (90 bytes).
    Removing stm32f7xx_hal_i2c.o(i.I2C_WaitOnRXNEFlagUntilTimeout), (136 bytes).
    Removing stm32f7xx_hal_i2c.o(i.I2C_WaitOnSTOPFlagUntilTimeout), (78 bytes).
    Removing stm32f7xx_hal_i2c.o(i.I2C_WaitOnTXISFlagUntilTimeout), (82 bytes).
    Removing stm32f7xx_hal_i2c_ex.o(.rev16_text), (4 bytes).
    Removing stm32f7xx_hal_i2c_ex.o(.revsh_text), (4 bytes).
    Removing stm32f7xx_hal_i2c_ex.o(.rrx_text), (6 bytes).
    Removing stm32f7xx_hal_i2c_ex.o(i.HAL_I2CEx_ConfigAnalogFilter), (88 bytes).
    Removing stm32f7xx_hal_i2c_ex.o(i.HAL_I2CEx_ConfigDigitalFilter), (84 bytes).
    Removing stm32f7xx_hal_exti.o(.rev16_text), (4 bytes).
    Removing stm32f7xx_hal_exti.o(.revsh_text), (4 bytes).
    Removing stm32f7xx_hal_exti.o(.rrx_text), (6 bytes).
    Removing stm32f7xx_hal_exti.o(i.HAL_EXTI_ClearConfigLine), (56 bytes).
    Removing stm32f7xx_hal_exti.o(i.HAL_EXTI_ClearPending), (12 bytes).
    Removing stm32f7xx_hal_exti.o(i.HAL_EXTI_GenerateSWI), (12 bytes).
    Removing stm32f7xx_hal_exti.o(i.HAL_EXTI_GetConfigLine), (104 bytes).
    Removing stm32f7xx_hal_exti.o(i.HAL_EXTI_GetHandle), (12 bytes).
    Removing stm32f7xx_hal_exti.o(i.HAL_EXTI_GetPending), (24 bytes).
    Removing stm32f7xx_hal_exti.o(i.HAL_EXTI_IRQHandler), (28 bytes).
    Removing stm32f7xx_hal_exti.o(i.HAL_EXTI_RegisterCallback), (16 bytes).
    Removing stm32f7xx_hal_exti.o(i.HAL_EXTI_SetConfigLine), (108 bytes).
    Removing system_stm32f7xx.o(.rev16_text), (4 bytes).
    Removing system_stm32f7xx.o(.revsh_text), (4 bytes).
    Removing system_stm32f7xx.o(.rrx_text), (6 bytes).
    Removing system_stm32f7xx.o(i.SystemCoreClockUpdate), (128 bytes).

408 unused section(s) (total 32466 bytes) removed from the image.

==============================================================================

Image Symbol Table

    Local Symbols

    Symbol Name                              Value     Ov Type        Size  Object(Section)

    ../Drivers/STM32F7xx_HAL_Driver/Src/stm32f7xx_hal.c 0x00000000   Number         0  stm32f7xx_hal.o ABSOLUTE
    ../Drivers/STM32F7xx_HAL_Driver/Src/stm32f7xx_hal_cortex.c 0x00000000   Number         0  stm32f7xx_hal_cortex.o ABSOLUTE
    ../Drivers/STM32F7xx_HAL_Driver/Src/stm32f7xx_hal_dma.c 0x00000000   Number         0  stm32f7xx_hal_dma.o ABSOLUTE
    ../Drivers/STM32F7xx_HAL_Driver/Src/stm32f7xx_hal_dma_ex.c 0x00000000   Number         0  stm32f7xx_hal_dma_ex.o ABSOLUTE
    ../Drivers/STM32F7xx_HAL_Driver/Src/stm32f7xx_hal_exti.c 0x00000000   Number         0  stm32f7xx_hal_exti.o ABSOLUTE
    ../Drivers/STM32F7xx_HAL_Driver/Src/stm32f7xx_hal_flash.c 0x00000000   Number         0  stm32f7xx_hal_flash.o ABSOLUTE
    ../Drivers/STM32F7xx_HAL_Driver/Src/stm32f7xx_hal_flash_ex.c 0x00000000   Number         0  stm32f7xx_hal_flash_ex.o ABSOLUTE
    ../Drivers/STM32F7xx_HAL_Driver/Src/stm32f7xx_hal_gpio.c 0x00000000   Number         0  stm32f7xx_hal_gpio.o ABSOLUTE
    ../Drivers/STM32F7xx_HAL_Driver/Src/stm32f7xx_hal_i2c.c 0x00000000   Number         0  stm32f7xx_hal_i2c.o ABSOLUTE
    ../Drivers/STM32F7xx_HAL_Driver/Src/stm32f7xx_hal_i2c_ex.c 0x00000000   Number         0  stm32f7xx_hal_i2c_ex.o ABSOLUTE
    ../Drivers/STM32F7xx_HAL_Driver/Src/stm32f7xx_hal_pwr.c 0x00000000   Number         0  stm32f7xx_hal_pwr.o ABSOLUTE
    ../Drivers/STM32F7xx_HAL_Driver/Src/stm32f7xx_hal_pwr_ex.c 0x00000000   Number         0  stm32f7xx_hal_pwr_ex.o ABSOLUTE
    ../Drivers/STM32F7xx_HAL_Driver/Src/stm32f7xx_hal_rcc.c 0x00000000   Number         0  stm32f7xx_hal_rcc.o ABSOLUTE
    ../Drivers/STM32F7xx_HAL_Driver/Src/stm32f7xx_hal_rcc_ex.c 0x00000000   Number         0  stm32f7xx_hal_rcc_ex.o ABSOLUTE
    ../Drivers/STM32F7xx_HAL_Driver/Src/stm32f7xx_hal_spi.c 0x00000000   Number         0  stm32f7xx_hal_spi.o ABSOLUTE
    ../Drivers/STM32F7xx_HAL_Driver/Src/stm32f7xx_hal_spi_ex.c 0x00000000   Number         0  stm32f7xx_hal_spi_ex.o ABSOLUTE
    ../Drivers/STM32F7xx_HAL_Driver/Src/stm32f7xx_hal_tim.c 0x00000000   Number         0  stm32f7xx_hal_tim.o ABSOLUTE
    ../Drivers/STM32F7xx_HAL_Driver/Src/stm32f7xx_hal_tim_ex.c 0x00000000   Number         0  stm32f7xx_hal_tim_ex.o ABSOLUTE
    ../Drivers/STM32F7xx_HAL_Driver/Src/stm32f7xx_hal_uart.c 0x00000000   Number         0  stm32f7xx_hal_uart.o ABSOLUTE
    ../Src/main.c                            0x00000000   Number         0  main.o ABSOLUTE
    ../Src/stm32f7xx_hal_msp.c               0x00000000   Number         0  stm32f7xx_hal_msp.o ABSOLUTE
    ../Src/stm32f7xx_it.c                    0x00000000   Number         0  stm32f7xx_it.o ABSOLUTE
    ../Src/system_stm32f7xx.c                0x00000000   Number         0  system_stm32f7xx.o ABSOLUTE
    ../clib/microlib/division.c              0x00000000   Number         0  uldiv.o ABSOLUTE
    ../clib/microlib/init/entry.s            0x00000000   Number         0  entry11b.o ABSOLUTE
    ../clib/microlib/init/entry.s            0x00000000   Number         0  entry10b.o ABSOLUTE
    ../clib/microlib/init/entry.s            0x00000000   Number         0  entry10a.o ABSOLUTE
    ../clib/microlib/init/entry.s            0x00000000   Number         0  entry9b.o ABSOLUTE
    ../clib/microlib/init/entry.s            0x00000000   Number         0  entry9a.o ABSOLUTE
    ../clib/microlib/init/entry.s            0x00000000   Number         0  entry8a.o ABSOLUTE
    ../clib/microlib/init/entry.s            0x00000000   Number         0  entry7b.o ABSOLUTE
    ../clib/microlib/init/entry.s            0x00000000   Number         0  entry7a.o ABSOLUTE
    ../clib/microlib/init/entry.s            0x00000000   Number         0  entry5.o ABSOLUTE
    ../clib/microlib/init/entry.s            0x00000000   Number         0  entry2.o ABSOLUTE
    ../clib/microlib/init/entry.s            0x00000000   Number         0  entry.o ABSOLUTE
    ../clib/microlib/init/entry.s            0x00000000   Number         0  entry8b.o ABSOLUTE
    ../clib/microlib/init/entry.s            0x00000000   Number         0  entry11a.o ABSOLUTE
    ../clib/microlib/longlong.c              0x00000000   Number         0  llushr.o ABSOLUTE
    ../clib/microlib/longlong.c              0x00000000   Number         0  llshl.o ABSOLUTE
    ../clib/microlib/string/memcpy.c         0x00000000   Number         0  memcpyb.o ABSOLUTE
    ../clib/microlib/string/memcpy.c         0x00000000   Number         0  memcpya.o ABSOLUTE
    ../clib/microlib/string/memset.c         0x00000000   Number         0  memseta.o ABSOLUTE
    ..\Drivers\STM32F7xx_HAL_Driver\Src\stm32f7xx_hal.c 0x00000000   Number         0  stm32f7xx_hal.o ABSOLUTE
    ..\Drivers\STM32F7xx_HAL_Driver\Src\stm32f7xx_hal_cortex.c 0x00000000   Number         0  stm32f7xx_hal_cortex.o ABSOLUTE
    ..\Drivers\STM32F7xx_HAL_Driver\Src\stm32f7xx_hal_dma.c 0x00000000   Number         0  stm32f7xx_hal_dma.o ABSOLUTE
    ..\Drivers\STM32F7xx_HAL_Driver\Src\stm32f7xx_hal_dma_ex.c 0x00000000   Number         0  stm32f7xx_hal_dma_ex.o ABSOLUTE
    ..\Drivers\STM32F7xx_HAL_Driver\Src\stm32f7xx_hal_exti.c 0x00000000   Number         0  stm32f7xx_hal_exti.o ABSOLUTE
    ..\Drivers\STM32F7xx_HAL_Driver\Src\stm32f7xx_hal_flash.c 0x00000000   Number         0  stm32f7xx_hal_flash.o ABSOLUTE
    ..\Drivers\STM32F7xx_HAL_Driver\Src\stm32f7xx_hal_flash_ex.c 0x00000000   Number         0  stm32f7xx_hal_flash_ex.o ABSOLUTE
    ..\Drivers\STM32F7xx_HAL_Driver\Src\stm32f7xx_hal_gpio.c 0x00000000   Number         0  stm32f7xx_hal_gpio.o ABSOLUTE
    ..\Drivers\STM32F7xx_HAL_Driver\Src\stm32f7xx_hal_i2c.c 0x00000000   Number         0  stm32f7xx_hal_i2c.o ABSOLUTE
    ..\Drivers\STM32F7xx_HAL_Driver\Src\stm32f7xx_hal_i2c_ex.c 0x00000000   Number         0  stm32f7xx_hal_i2c_ex.o ABSOLUTE
    ..\Drivers\STM32F7xx_HAL_Driver\Src\stm32f7xx_hal_pwr.c 0x00000000   Number         0  stm32f7xx_hal_pwr.o ABSOLUTE
    ..\Drivers\STM32F7xx_HAL_Driver\Src\stm32f7xx_hal_pwr_ex.c 0x00000000   Number         0  stm32f7xx_hal_pwr_ex.o ABSOLUTE
    ..\Drivers\STM32F7xx_HAL_Driver\Src\stm32f7xx_hal_rcc.c 0x00000000   Number         0  stm32f7xx_hal_rcc.o ABSOLUTE
    ..\Drivers\STM32F7xx_HAL_Driver\Src\stm32f7xx_hal_rcc_ex.c 0x00000000   Number         0  stm32f7xx_hal_rcc_ex.o ABSOLUTE
    ..\Drivers\STM32F7xx_HAL_Driver\Src\stm32f7xx_hal_spi.c 0x00000000   Number         0  stm32f7xx_hal_spi.o ABSOLUTE
    ..\Drivers\STM32F7xx_HAL_Driver\Src\stm32f7xx_hal_spi_ex.c 0x00000000   Number         0  stm32f7xx_hal_spi_ex.o ABSOLUTE
    ..\Drivers\STM32F7xx_HAL_Driver\Src\stm32f7xx_hal_tim.c 0x00000000   Number         0  stm32f7xx_hal_tim.o ABSOLUTE
    ..\Drivers\STM32F7xx_HAL_Driver\Src\stm32f7xx_hal_tim_ex.c 0x00000000   Number         0  stm32f7xx_hal_tim_ex.o ABSOLUTE
    ..\Drivers\STM32F7xx_HAL_Driver\Src\stm32f7xx_hal_uart.c 0x00000000   Number         0  stm32f7xx_hal_uart.o ABSOLUTE
    ..\Src\main.c                            0x00000000   Number         0  main.o ABSOLUTE
    ..\Src\stm32f7xx_hal_msp.c               0x00000000   Number         0  stm32f7xx_hal_msp.o ABSOLUTE
    ..\Src\stm32f7xx_it.c                    0x00000000   Number         0  stm32f7xx_it.o ABSOLUTE
    ..\Src\system_stm32f7xx.c                0x00000000   Number         0  system_stm32f7xx.o ABSOLUTE
    dc.s                                     0x00000000   Number         0  dc.o ABSOLUTE
    handlers.s                               0x00000000   Number         0  handlers.o ABSOLUTE
    init.s                                   0x00000000   Number         0  init.o ABSOLUTE
    spi_stack.c                              0x00000000   Number         0  spi_stack.o ABSOLUTE
    spi_stack.c                              0x00000000   Number         0  spi_stack.o ABSOLUTE
    startup_stm32f746xx.s                    0x00000000   Number         0  startup_stm32f746xx.o ABSOLUTE
    RESET                                    0x08000000   Section      456  startup_stm32f746xx.o(RESET)
    .ARM.Collect$$$$00000000                 0x080001c8   Section        0  entry.o(.ARM.Collect$$$$00000000)
    .ARM.Collect$$$$00000001                 0x080001c8   Section        4  entry2.o(.ARM.Collect$$$$00000001)
    .ARM.Collect$$$$00000004                 0x080001cc   Section        4  entry5.o(.ARM.Collect$$$$00000004)
    .ARM.Collect$$$$00000008                 0x080001d0   Section        0  entry7b.o(.ARM.Collect$$$$00000008)
    .ARM.Collect$$$$0000000A                 0x080001d0   Section        0  entry8b.o(.ARM.Collect$$$$0000000A)
    .ARM.Collect$$$$0000000B                 0x080001d0   Section        8  entry9a.o(.ARM.Collect$$$$0000000B)
    .ARM.Collect$$$$0000000D                 0x080001d8   Section        0  entry10a.o(.ARM.Collect$$$$0000000D)
    .ARM.Collect$$$$0000000F                 0x080001d8   Section        0  entry11a.o(.ARM.Collect$$$$0000000F)
    .ARM.Collect$$$$00002712                 0x080001d8   Section        4  entry2.o(.ARM.Collect$$$$00002712)
    __lit__00000000                          0x080001d8   Data           4  entry2.o(.ARM.Collect$$$$00002712)
    .text                                    0x080001dc   Section       36  startup_stm32f746xx.o(.text)
    $v0                                      0x080001dc   Number         0  startup_stm32f746xx.o(.text)
    .text                                    0x08000200   Section        0  uldiv.o(.text)
    .text                                    0x08000262   Section        0  memcpya.o(.text)
    .text                                    0x08000286   Section        0  memseta.o(.text)
    .text                                    0x080002aa   Section        0  llshl.o(.text)
    .text                                    0x080002c8   Section        0  llushr.o(.text)
    .text                                    0x080002e8   Section       36  init.o(.text)
    i.BusFault_Handler                       0x0800030c   Section        0  stm32f7xx_it.o(i.BusFault_Handler)
    i.DMA2_Stream0_IRQHandler                0x0800030e   Section        0  stm32f7xx_it.o(i.DMA2_Stream0_IRQHandler)
    i.DMA2_Stream3_IRQHandler                0x08000312   Section        0  stm32f7xx_it.o(i.DMA2_Stream3_IRQHandler)
    i.DMA_CalcBaseAndBitshift                0x08000314   Section        0  stm32f7xx_hal_dma.o(i.DMA_CalcBaseAndBitshift)
    DMA_CalcBaseAndBitshift                  0x08000315   Thumb Code    34  stm32f7xx_hal_dma.o(i.DMA_CalcBaseAndBitshift)
    i.DMA_CheckFifoParam                     0x0800033c   Section        0  stm32f7xx_hal_dma.o(i.DMA_CheckFifoParam)
    DMA_CheckFifoParam                       0x0800033d   Thumb Code    84  stm32f7xx_hal_dma.o(i.DMA_CheckFifoParam)
    i.DebugMon_Handler                       0x08000390   Section        0  stm32f7xx_it.o(i.DebugMon_Handler)
    i.EXTI4_IRQHandler                       0x08000392   Section        0  stm32f7xx_it.o(i.EXTI4_IRQHandler)
    i.Error_Handler                          0x080003a2   Section        0  main.o(i.Error_Handler)
    i.HAL_DMA_Init                           0x080003a4   Section        0  stm32f7xx_hal_dma.o(i.HAL_DMA_Init)
    i.HAL_Delay                              0x08000488   Section        0  stm32f7xx_hal.o(i.HAL_Delay)
    i.HAL_GPIO_EXTI_Callback                 0x080004ac   Section        0  stm32f7xx_hal_gpio.o(i.HAL_GPIO_EXTI_Callback)
    i.HAL_GPIO_EXTI_IRQHandler               0x080004b0   Section        0  stm32f7xx_hal_gpio.o(i.HAL_GPIO_EXTI_IRQHandler)
    i.HAL_GPIO_Init                          0x080004c8   Section        0  stm32f7xx_hal_gpio.o(i.HAL_GPIO_Init)
    i.HAL_GPIO_ReadPin                       0x080006a0   Section        0  stm32f7xx_hal_gpio.o(i.HAL_GPIO_ReadPin)
    i.HAL_GPIO_WritePin                      0x080006aa   Section        0  stm32f7xx_hal_gpio.o(i.HAL_GPIO_WritePin)
    i.HAL_GetTick                            0x080006b4   Section        0  stm32f7xx_hal.o(i.HAL_GetTick)
    i.HAL_IncTick                            0x080006c0   Section        0  stm32f7xx_hal.o(i.HAL_IncTick)
    i.HAL_Init                               0x080006d0   Section        0  stm32f7xx_hal.o(i.HAL_Init)
    i.HAL_InitTick                           0x080006e8   Section        0  stm32f7xx_hal.o(i.HAL_InitTick)
    i.HAL_MspInit                            0x08000728   Section        0  stm32f7xx_hal_msp.o(i.HAL_MspInit)
    i.HAL_NVIC_EnableIRQ                     0x08000758   Section        0  stm32f7xx_hal_cortex.o(i.HAL_NVIC_EnableIRQ)
    i.HAL_NVIC_SetPriority                   0x08000774   Section        0  stm32f7xx_hal_cortex.o(i.HAL_NVIC_SetPriority)
    i.HAL_NVIC_SetPriorityGrouping           0x080007b4   Section        0  stm32f7xx_hal_cortex.o(i.HAL_NVIC_SetPriorityGrouping)
    i.HAL_PWREx_EnableOverDrive              0x080007d8   Section        0  stm32f7xx_hal_pwr_ex.o(i.HAL_PWREx_EnableOverDrive)
    i.HAL_PWR_EnableBkUpAccess               0x08000844   Section        0  stm32f7xx_hal_pwr.o(i.HAL_PWR_EnableBkUpAccess)
    i.HAL_RCCEx_PeriphCLKConfig              0x08000854   Section        0  stm32f7xx_hal_rcc_ex.o(i.HAL_RCCEx_PeriphCLKConfig)
    i.HAL_RCC_ClockConfig                    0x08000d50   Section        0  stm32f7xx_hal_rcc.o(i.HAL_RCC_ClockConfig)
    i.HAL_RCC_GetPCLK1Freq                   0x08000e7c   Section        0  stm32f7xx_hal_rcc.o(i.HAL_RCC_GetPCLK1Freq)
    i.HAL_RCC_GetPCLK2Freq                   0x08000e9c   Section        0  stm32f7xx_hal_rcc.o(i.HAL_RCC_GetPCLK2Freq)
    i.HAL_RCC_GetSysClockFreq                0x08000ebc   Section        0  stm32f7xx_hal_rcc.o(i.HAL_RCC_GetSysClockFreq)
    i.HAL_RCC_OscConfig                      0x08000f1c   Section        0  stm32f7xx_hal_rcc.o(i.HAL_RCC_OscConfig)
    i.HAL_SPI_Init                           0x08001254   Section        0  stm32f7xx_hal_spi.o(i.HAL_SPI_Init)
    i.HAL_SPI_MspInit                        0x08001318   Section        0  stm32f7xx_hal_msp.o(i.HAL_SPI_MspInit)
    i.HAL_SYSTICK_Config                     0x0800141c   Section        0  stm32f7xx_hal_cortex.o(i.HAL_SYSTICK_Config)
    i.HAL_UART_Init                          0x08001442   Section        0  stm32f7xx_hal_uart.o(i.HAL_UART_Init)
    i.HAL_UART_MspInit                       0x080014a8   Section        0  stm32f7xx_hal_msp.o(i.HAL_UART_MspInit)
    i.HardFault_Handler                      0x0800150c   Section        0  stm32f7xx_it.o(i.HardFault_Handler)
    i.IMP_Write                              0x08001510   Section        0  spi_stack.o(i.IMP_Write)
    i.IMU_Write                              0x08001558   Section        0  spi_stack.o(i.IMU_Write)
    i.MX_GPIO_Init                           0x08001590   Section        0  main.o(i.MX_GPIO_Init)
    MX_GPIO_Init                             0x08001591   Thumb Code   390  main.o(i.MX_GPIO_Init)
    i.MX_SPI1_Init                           0x08001734   Section        0  main.o(i.MX_SPI1_Init)
    MX_SPI1_Init                             0x08001735   Thumb Code    48  main.o(i.MX_SPI1_Init)
    i.MX_USART3_UART_Init                    0x0800176c   Section        0  main.o(i.MX_USART3_UART_Init)
    MX_USART3_UART_Init                      0x0800176d   Thumb Code    40  main.o(i.MX_USART3_UART_Init)
    i.MemManage_Handler                      0x0800179c   Section        0  stm32f7xx_it.o(i.MemManage_Handler)
    i.NMI_Handler                            0x0800179e   Section        0  stm32f7xx_it.o(i.NMI_Handler)
    i.PendSV_Handler                         0x080017a0   Section        0  stm32f7xx_it.o(i.PendSV_Handler)
    i.RPUs_Write                             0x080017a4   Section        0  spi_stack.o(i.RPUs_Write)
    i.SVC_Handler                            0x080017d4   Section        0  stm32f7xx_it.o(i.SVC_Handler)
    i.SlidersRead                            0x080017d8   Section        0  spi_stack.o(i.SlidersRead)
    i.SysTick_Handler                        0x080017f4   Section        0  stm32f7xx_it.o(i.SysTick_Handler)
    i.SystemClock_Config                     0x080017f8   Section        0  main.o(i.SystemClock_Config)
    i.SystemInit                             0x0800189c   Section        0  system_stm32f7xx.o(i.SystemInit)
    i.UART_AdvFeatureConfig                  0x080018f0   Section        0  stm32f7xx_hal_uart.o(i.UART_AdvFeatureConfig)
    i.UART_CheckIdleState                    0x080019b8   Section        0  stm32f7xx_hal_uart.o(i.UART_CheckIdleState)
    i.UART_SetConfig                         0x080019f4   Section        0  stm32f7xx_hal_uart.o(i.UART_SetConfig)
    i.UART_WaitOnFlagUntilTimeout            0x08001c48   Section        0  stm32f7xx_hal_uart.o(i.UART_WaitOnFlagUntilTimeout)
    i.UsageFault_Handler                     0x08001ca8   Section        0  stm32f7xx_it.o(i.UsageFault_Handler)
    i.__NVIC_SetPriority                     0x08001caa   Section        0  stm32f7xx_hal_cortex.o(i.__NVIC_SetPriority)
    __NVIC_SetPriority                       0x08001cab   Thumb Code    34  stm32f7xx_hal_cortex.o(i.__NVIC_SetPriority)
    i.__scatterload_copy                     0x08001ccc   Section       14  handlers.o(i.__scatterload_copy)
    i.__scatterload_null                     0x08001cda   Section        2  handlers.o(i.__scatterload_null)
    i.__scatterload_zeroinit                 0x08001cdc   Section       14  handlers.o(i.__scatterload_zeroinit)
    i.main                                   0x08001cec   Section        0  main.o(i.main)
    i.readKeys                               0x08001dc0   Section        0  spi_stack.o(i.readKeys)
    i.regRead                                0x08001ddc   Section        0  spi_stack.o(i.regRead)
    i.regWrite                               0x08001dec   Section        0  spi_stack.o(i.regWrite)
    i.spi_dma_rx_complete_rutine             0x08001df8   Section        0  spi_stack.o(i.spi_dma_rx_complete_rutine)
    i.spi_stack_CS_Mng                       0x08001e08   Section        0  spi_stack.o(i.spi_stack_CS_Mng)
    i.spi_stack_init                         0x08001ec8   Section        0  spi_stack.o(i.spi_stack_init)
    .constdata                               0x08001f58   Section       44  main.o(.constdata)
    .constdata                               0x08001f84   Section        8  stm32f7xx_hal_dma.o(.constdata)
    flagBitshiftOffset                       0x08001f84   Data           8  stm32f7xx_hal_dma.o(.constdata)
    .constdata                               0x08001f8c   Section       16  system_stm32f7xx.o(.constdata)
    .constdata                               0x08001f9c   Section        8  system_stm32f7xx.o(.constdata)
    .data                                    0x20000000   Section        8  spi_stack.o(.data)
    .data                                    0x20000008   Section        4  main.o(.data)
    .data                                    0x2000000c   Section       12  stm32f7xx_hal.o(.data)
    .data                                    0x20000018   Section        4  system_stm32f7xx.o(.data)
    .bss                                     0x2000001c   Section      608  spi_stack.o(.bss)
    .bss                                     0x2000027c   Section      256  main.o(.bss)
    .bss                                     0x2000037c   Section       96  main.o(.bss)
    .bss                                     0x200003dc   Section       96  main.o(.bss)
    STACK                                    0x20000440   Section     1024  startup_stm32f746xx.o(STACK)

    Global Symbols

    Symbol Name                              Value     Ov Type        Size  Object(Section)

    BuildAttributes$$THM_ISAv4$E$P$D$K$B$S$7EM$VFPi5$EXTD16$VFPS$VFMA$PE$PLD8$A:L22UL41UL21$X:L11$S22US41US21$IEEE1$IW$USESV6$~STKCKD$USESV7$~SHL$OSPACE$EBA8$MICROLIB$REQ8$PRES8$EABIv2 0x00000000   Number         0  anon$$obj.o ABSOLUTE
    __ARM_use_no_argv                        0x00000000   Number         0  main.o ABSOLUTE
    __cpp_initialize__aeabi_                  - Undefined Weak Reference
    __cxa_finalize                            - Undefined Weak Reference
    __decompress                              - Undefined Weak Reference
    _clock_init                               - Undefined Weak Reference
    _microlib_exit                            - Undefined Weak Reference
    __Vectors_Size                           0x000001c8   Number         0  startup_stm32f746xx.o ABSOLUTE
    __Vectors                                0x08000000   Data           4  startup_stm32f746xx.o(RESET)
    __Vectors_End                            0x080001c8   Data           0  startup_stm32f746xx.o(RESET)
    __main                                   0x080001c9   Thumb Code     0  entry.o(.ARM.Collect$$$$00000000)
    _main_stk                                0x080001c9   Thumb Code     0  entry2.o(.ARM.Collect$$$$00000001)
    _main_scatterload                        0x080001cd   Thumb Code     0  entry5.o(.ARM.Collect$$$$00000004)
    __main_after_scatterload                 0x080001d1   Thumb Code     0  entry5.o(.ARM.Collect$$$$00000004)
    _main_clock                              0x080001d1   Thumb Code     0  entry7b.o(.ARM.Collect$$$$00000008)
    _main_cpp_init                           0x080001d1   Thumb Code     0  entry8b.o(.ARM.Collect$$$$0000000A)
    _main_init                               0x080001d1   Thumb Code     0  entry9a.o(.ARM.Collect$$$$0000000B)
    __rt_final_cpp                           0x080001d9   Thumb Code     0  entry10a.o(.ARM.Collect$$$$0000000D)
    __rt_final_exit                          0x080001d9   Thumb Code     0  entry11a.o(.ARM.Collect$$$$0000000F)
    Reset_Handler                            0x080001dd   Thumb Code     8  startup_stm32f746xx.o(.text)
    ADC_IRQHandler                           0x080001f7   Thumb Code     0  startup_stm32f746xx.o(.text)
    CAN1_RX0_IRQHandler                      0x080001f7   Thumb Code     0  startup_stm32f746xx.o(.text)
    CAN1_RX1_IRQHandler                      0x080001f7   Thumb Code     0  startup_stm32f746xx.o(.text)
    CAN1_SCE_IRQHandler                      0x080001f7   Thumb Code     0  startup_stm32f746xx.o(.text)
    CAN1_TX_IRQHandler                       0x080001f7   Thumb Code     0  startup_stm32f746xx.o(.text)
    CAN2_RX0_IRQHandler                      0x080001f7   Thumb Code     0  startup_stm32f746xx.o(.text)
    CAN2_RX1_IRQHandler                      0x080001f7   Thumb Code     0  startup_stm32f746xx.o(.text)
    CAN2_SCE_IRQHandler                      0x080001f7   Thumb Code     0  startup_stm32f746xx.o(.text)
    CAN2_TX_IRQHandler                       0x080001f7   Thumb Code     0  startup_stm32f746xx.o(.text)
    CEC_IRQHandler                           0x080001f7   Thumb Code     0  startup_stm32f746xx.o(.text)
    DCMI_IRQHandler                          0x080001f7   Thumb Code     0  startup_stm32f746xx.o(.text)
    DMA1_Stream0_IRQHandler                  0x080001f7   Thumb Code     0  startup_stm32f746xx.o(.text)
    DMA1_Stream1_IRQHandler                  0x080001f7   Thumb Code     0  startup_stm32f746xx.o(.text)
    DMA1_Stream2_IRQHandler                  0x080001f7   Thumb Code     0  startup_stm32f746xx.o(.text)
    DMA1_Stream3_IRQHandler                  0x080001f7   Thumb Code     0  startup_stm32f746xx.o(.text)
    DMA1_Stream4_IRQHandler                  0x080001f7   Thumb Code     0  startup_stm32f746xx.o(.text)
    DMA1_Stream5_IRQHandler                  0x080001f7   Thumb Code     0  startup_stm32f746xx.o(.text)
    DMA1_Stream6_IRQHandler                  0x080001f7   Thumb Code     0  startup_stm32f746xx.o(.text)
    DMA1_Stream7_IRQHandler                  0x080001f7   Thumb Code     0  startup_stm32f746xx.o(.text)
    DMA2D_IRQHandler                         0x080001f7   Thumb Code     0  startup_stm32f746xx.o(.text)
    DMA2_Stream1_IRQHandler                  0x080001f7   Thumb Code     0  startup_stm32f746xx.o(.text)
    DMA2_Stream2_IRQHandler                  0x080001f7   Thumb Code     0  startup_stm32f746xx.o(.text)
    DMA2_Stream4_IRQHandler                  0x080001f7   Thumb Code     0  startup_stm32f746xx.o(.text)
    DMA2_Stream5_IRQHandler                  0x080001f7   Thumb Code     0  startup_stm32f746xx.o(.text)
    DMA2_Stream6_IRQHandler                  0x080001f7   Thumb Code     0  startup_stm32f746xx.o(.text)
    DMA2_Stream7_IRQHandler                  0x080001f7   Thumb Code     0  startup_stm32f746xx.o(.text)
    ETH_IRQHandler                           0x080001f7   Thumb Code     0  startup_stm32f746xx.o(.text)
    ETH_WKUP_IRQHandler                      0x080001f7   Thumb Code     0  startup_stm32f746xx.o(.text)
    EXTI0_IRQHandler                         0x080001f7   Thumb Code     0  startup_stm32f746xx.o(.text)
    EXTI15_10_IRQHandler                     0x080001f7   Thumb Code     0  startup_stm32f746xx.o(.text)
    EXTI1_IRQHandler                         0x080001f7   Thumb Code     0  startup_stm32f746xx.o(.text)
    EXTI2_IRQHandler                         0x080001f7   Thumb Code     0  startup_stm32f746xx.o(.text)
    EXTI3_IRQHandler                         0x080001f7   Thumb Code     0  startup_stm32f746xx.o(.text)
    EXTI9_5_IRQHandler                       0x080001f7   Thumb Code     0  startup_stm32f746xx.o(.text)
    FLASH_IRQHandler                         0x080001f7   Thumb Code     0  startup_stm32f746xx.o(.text)
    FMC_IRQHandler                           0x080001f7   Thumb Code     0  startup_stm32f746xx.o(.text)
    FPU_IRQHandler                           0x080001f7   Thumb Code     0  startup_stm32f746xx.o(.text)
    I2C1_ER_IRQHandler                       0x080001f7   Thumb Code     0  startup_stm32f746xx.o(.text)
    I2C1_EV_IRQHandler                       0x080001f7   Thumb Code     0  startup_stm32f746xx.o(.text)
    I2C2_ER_IRQHandler                       0x080001f7   Thumb Code     0  startup_stm32f746xx.o(.text)
    I2C2_EV_IRQHandler                       0x080001f7   Thumb Code     0  startup_stm32f746xx.o(.text)
    I2C3_ER_IRQHandler                       0x080001f7   Thumb Code     0  startup_stm32f746xx.o(.text)
    I2C3_EV_IRQHandler                       0x080001f7   Thumb Code     0  startup_stm32f746xx.o(.text)
    I2C4_ER_IRQHandler                       0x080001f7   Thumb Code     0  startup_stm32f746xx.o(.text)
    I2C4_EV_IRQHandler                       0x080001f7   Thumb Code     0  startup_stm32f746xx.o(.text)
    LPTIM1_IRQHandler                        0x080001f7   Thumb Code     0  startup_stm32f746xx.o(.text)
    LTDC_ER_IRQHandler                       0x080001f7   Thumb Code     0  startup_stm32f746xx.o(.text)
    LTDC_IRQHandler                          0x080001f7   Thumb Code     0  startup_stm32f746xx.o(.text)
    OTG_FS_IRQHandler                        0x080001f7   Thumb Code     0  startup_stm32f746xx.o(.text)
    OTG_FS_WKUP_IRQHandler                   0x080001f7   Thumb Code     0  startup_stm32f746xx.o(.text)
    OTG_HS_EP1_IN_IRQHandler                 0x080001f7   Thumb Code     0  startup_stm32f746xx.o(.text)
    OTG_HS_EP1_OUT_IRQHandler                0x080001f7   Thumb Code     0  startup_stm32f746xx.o(.text)
    OTG_HS_IRQHandler                        0x080001f7   Thumb Code     0  startup_stm32f746xx.o(.text)
    OTG_HS_WKUP_IRQHandler                   0x080001f7   Thumb Code     0  startup_stm32f746xx.o(.text)
    PVD_IRQHandler                           0x080001f7   Thumb Code     0  startup_stm32f746xx.o(.text)
    QUADSPI_IRQHandler                       0x080001f7   Thumb Code     0  startup_stm32f746xx.o(.text)
    RCC_IRQHandler                           0x080001f7   Thumb Code     0  startup_stm32f746xx.o(.text)
    RNG_IRQHandler                           0x080001f7   Thumb Code     0  startup_stm32f746xx.o(.text)
    RTC_Alarm_IRQHandler                     0x080001f7   Thumb Code     0  startup_stm32f746xx.o(.text)
    RTC_WKUP_IRQHandler                      0x080001f7   Thumb Code     0  startup_stm32f746xx.o(.text)
    SAI1_IRQHandler                          0x080001f7   Thumb Code     0  startup_stm32f746xx.o(.text)
    SAI2_IRQHandler                          0x080001f7   Thumb Code     0  startup_stm32f746xx.o(.text)
    SDMMC1_IRQHandler                        0x080001f7   Thumb Code     0  startup_stm32f746xx.o(.text)
    SPDIF_RX_IRQHandler                      0x080001f7   Thumb Code     0  startup_stm32f746xx.o(.text)
    SPI1_IRQHandler                          0x080001f7   Thumb Code     0  startup_stm32f746xx.o(.text)
    SPI2_IRQHandler                          0x080001f7   Thumb Code     0  startup_stm32f746xx.o(.text)
    SPI3_IRQHandler                          0x080001f7   Thumb Code     0  startup_stm32f746xx.o(.text)
    SPI4_IRQHandler                          0x080001f7   Thumb Code     0  startup_stm32f746xx.o(.text)
    SPI5_IRQHandler                          0x080001f7   Thumb Code     0  startup_stm32f746xx.o(.text)
    SPI6_IRQHandler                          0x080001f7   Thumb Code     0  startup_stm32f746xx.o(.text)
    TAMP_STAMP_IRQHandler                    0x080001f7   Thumb Code     0  startup_stm32f746xx.o(.text)
    TIM1_BRK_TIM9_IRQHandler                 0x080001f7   Thumb Code     0  startup_stm32f746xx.o(.text)
    TIM1_CC_IRQHandler                       0x080001f7   Thumb Code     0  startup_stm32f746xx.o(.text)
    TIM1_TRG_COM_TIM11_IRQHandler            0x080001f7   Thumb Code     0  startup_stm32f746xx.o(.text)
    TIM1_UP_TIM10_IRQHandler                 0x080001f7   Thumb Code     0  startup_stm32f746xx.o(.text)
    TIM2_IRQHandler                          0x080001f7   Thumb Code     0  startup_stm32f746xx.o(.text)
    TIM3_IRQHandler                          0x080001f7   Thumb Code     0  startup_stm32f746xx.o(.text)
    TIM4_IRQHandler                          0x080001f7   Thumb Code     0  startup_stm32f746xx.o(.text)
    TIM5_IRQHandler                          0x080001f7   Thumb Code     0  startup_stm32f746xx.o(.text)
    TIM6_DAC_IRQHandler                      0x080001f7   Thumb Code     0  startup_stm32f746xx.o(.text)
    TIM7_IRQHandler                          0x080001f7   Thumb Code     0  startup_stm32f746xx.o(.text)
    TIM8_BRK_TIM12_IRQHandler                0x080001f7   Thumb Code     0  startup_stm32f746xx.o(.text)
    TIM8_CC_IRQHandler                       0x080001f7   Thumb Code     0  startup_stm32f746xx.o(.text)
    TIM8_TRG_COM_TIM14_IRQHandler            0x080001f7   Thumb Code     0  startup_stm32f746xx.o(.text)
    TIM8_UP_TIM13_IRQHandler                 0x080001f7   Thumb Code     0  startup_stm32f746xx.o(.text)
    UART4_IRQHandler                         0x080001f7   Thumb Code     0  startup_stm32f746xx.o(.text)
    UART5_IRQHandler                         0x080001f7   Thumb Code     0  startup_stm32f746xx.o(.text)
    UART7_IRQHandler                         0x080001f7   Thumb Code     0  startup_stm32f746xx.o(.text)
    UART8_IRQHandler                         0x080001f7   Thumb Code     0  startup_stm32f746xx.o(.text)
    USART1_IRQHandler                        0x080001f7   Thumb Code     0  startup_stm32f746xx.o(.text)
    USART2_IRQHandler                        0x080001f7   Thumb Code     0  startup_stm32f746xx.o(.text)
    USART3_IRQHandler                        0x080001f7   Thumb Code     0  startup_stm32f746xx.o(.text)
    USART6_IRQHandler                        0x080001f7   Thumb Code     0  startup_stm32f746xx.o(.text)
    WWDG_IRQHandler                          0x080001f7   Thumb Code     0  startup_stm32f746xx.o(.text)
    __aeabi_uldivmod                         0x08000201   Thumb Code    98  uldiv.o(.text)
    __aeabi_memcpy                           0x08000263   Thumb Code    36  memcpya.o(.text)
    __aeabi_memcpy4                          0x08000263   Thumb Code     0  memcpya.o(.text)
    __aeabi_memcpy8                          0x08000263   Thumb Code     0  memcpya.o(.text)
    __aeabi_memset                           0x08000287   Thumb Code    14  memseta.o(.text)
    __aeabi_memset4                          0x08000287   Thumb Code     0  memseta.o(.text)
    __aeabi_memset8                          0x08000287   Thumb Code     0  memseta.o(.text)
    __aeabi_memclr                           0x08000295   Thumb Code     4  memseta.o(.text)
    __aeabi_memclr4                          0x08000295   Thumb Code     0  memseta.o(.text)
    __aeabi_memclr8                          0x08000295   Thumb Code     0  memseta.o(.text)
    _memset$wrapper                          0x08000299   Thumb Code    18  memseta.o(.text)
    __aeabi_llsl                             0x080002ab   Thumb Code    30  llshl.o(.text)
    _ll_shift_l                              0x080002ab   Thumb Code     0  llshl.o(.text)
    __aeabi_llsr                             0x080002c9   Thumb Code    32  llushr.o(.text)
    _ll_ushift_r                             0x080002c9   Thumb Code     0  llushr.o(.text)
    __scatterload                            0x080002e9   Thumb Code    28  init.o(.text)
    __scatterload_rt2                        0x080002e9   Thumb Code     0  init.o(.text)
    BusFault_Handler                         0x0800030d   Thumb Code     2  stm32f7xx_it.o(i.BusFault_Handler)
    DMA2_Stream0_IRQHandler                  0x0800030f   Thumb Code     4  stm32f7xx_it.o(i.DMA2_Stream0_IRQHandler)
    DMA2_Stream3_IRQHandler                  0x08000313   Thumb Code     2  stm32f7xx_it.o(i.DMA2_Stream3_IRQHandler)
    DebugMon_Handler                         0x08000391   Thumb Code     2  stm32f7xx_it.o(i.DebugMon_Handler)
    EXTI4_IRQHandler                         0x08000393   Thumb Code    16  stm32f7xx_it.o(i.EXTI4_IRQHandler)
    Error_Handler                            0x080003a3   Thumb Code     2  main.o(i.Error_Handler)
    HAL_DMA_Init                             0x080003a5   Thumb Code   222  stm32f7xx_hal_dma.o(i.HAL_DMA_Init)
    HAL_Delay                                0x08000489   Thumb Code    32  stm32f7xx_hal.o(i.HAL_Delay)
    HAL_GPIO_EXTI_Callback                   0x080004ad   Thumb Code     2  stm32f7xx_hal_gpio.o(i.HAL_GPIO_EXTI_Callback)
    HAL_GPIO_EXTI_IRQHandler                 0x080004b1   Thumb Code    18  stm32f7xx_hal_gpio.o(i.HAL_GPIO_EXTI_IRQHandler)
    HAL_GPIO_Init                            0x080004c9   Thumb Code   418  stm32f7xx_hal_gpio.o(i.HAL_GPIO_Init)
    HAL_GPIO_ReadPin                         0x080006a1   Thumb Code    10  stm32f7xx_hal_gpio.o(i.HAL_GPIO_ReadPin)
    HAL_GPIO_WritePin                        0x080006ab   Thumb Code    10  stm32f7xx_hal_gpio.o(i.HAL_GPIO_WritePin)
    HAL_GetTick                              0x080006b5   Thumb Code     6  stm32f7xx_hal.o(i.HAL_GetTick)
    HAL_IncTick                              0x080006c1   Thumb Code    12  stm32f7xx_hal.o(i.HAL_IncTick)
    HAL_Init                                 0x080006d1   Thumb Code    22  stm32f7xx_hal.o(i.HAL_Init)
    HAL_InitTick                             0x080006e9   Thumb Code    54  stm32f7xx_hal.o(i.HAL_InitTick)
    HAL_MspInit                              0x08000729   Thumb Code    42  stm32f7xx_hal_msp.o(i.HAL_MspInit)
    HAL_NVIC_EnableIRQ                       0x08000759   Thumb Code    26  stm32f7xx_hal_cortex.o(i.HAL_NVIC_EnableIRQ)
    HAL_NVIC_SetPriority                     0x08000775   Thumb Code    60  stm32f7xx_hal_cortex.o(i.HAL_NVIC_SetPriority)
    HAL_NVIC_SetPriorityGrouping             0x080007b5   Thumb Code    28  stm32f7xx_hal_cortex.o(i.HAL_NVIC_SetPriorityGrouping)
    HAL_PWREx_EnableOverDrive                0x080007d9   Thumb Code   100  stm32f7xx_hal_pwr_ex.o(i.HAL_PWREx_EnableOverDrive)
    HAL_PWR_EnableBkUpAccess                 0x08000845   Thumb Code    12  stm32f7xx_hal_pwr.o(i.HAL_PWR_EnableBkUpAccess)
    HAL_RCCEx_PeriphCLKConfig                0x08000855   Thumb Code  1276  stm32f7xx_hal_rcc_ex.o(i.HAL_RCCEx_PeriphCLKConfig)
    HAL_RCC_ClockConfig                      0x08000d51   Thumb Code   282  stm32f7xx_hal_rcc.o(i.HAL_RCC_ClockConfig)
    HAL_RCC_GetPCLK1Freq                     0x08000e7d   Thumb Code    20  stm32f7xx_hal_rcc.o(i.HAL_RCC_GetPCLK1Freq)
    HAL_RCC_GetPCLK2Freq                     0x08000e9d   Thumb Code    20  stm32f7xx_hal_rcc.o(i.HAL_RCC_GetPCLK2Freq)
    HAL_RCC_GetSysClockFreq                  0x08000ebd   Thumb Code    88  stm32f7xx_hal_rcc.o(i.HAL_RCC_GetSysClockFreq)
    HAL_RCC_OscConfig                        0x08000f1d   Thumb Code   810  stm32f7xx_hal_rcc.o(i.HAL_RCC_OscConfig)
    HAL_SPI_Init                             0x08001255   Thumb Code   196  stm32f7xx_hal_spi.o(i.HAL_SPI_Init)
    HAL_SPI_MspInit                          0x08001319   Thumb Code   232  stm32f7xx_hal_msp.o(i.HAL_SPI_MspInit)
    HAL_SYSTICK_Config                       0x0800141d   Thumb Code    38  stm32f7xx_hal_cortex.o(i.HAL_SYSTICK_Config)
    HAL_UART_Init                            0x08001443   Thumb Code   102  stm32f7xx_hal_uart.o(i.HAL_UART_Init)
    HAL_UART_MspInit                         0x080014a9   Thumb Code    88  stm32f7xx_hal_msp.o(i.HAL_UART_MspInit)
    HardFault_Handler                        0x0800150d   Thumb Code     2  stm32f7xx_it.o(i.HardFault_Handler)
    IMP_Write                                0x08001511   Thumb Code    68  spi_stack.o(i.IMP_Write)
    IMU_Write                                0x08001559   Thumb Code    52  spi_stack.o(i.IMU_Write)
    MemManage_Handler                        0x0800179d   Thumb Code     2  stm32f7xx_it.o(i.MemManage_Handler)
    NMI_Handler                              0x0800179f   Thumb Code     2  stm32f7xx_it.o(i.NMI_Handler)
    PendSV_Handler                           0x080017a1   Thumb Code     2  stm32f7xx_it.o(i.PendSV_Handler)
    RPUs_Write                               0x080017a5   Thumb Code    44  spi_stack.o(i.RPUs_Write)
    SVC_Handler                              0x080017d5   Thumb Code     2  stm32f7xx_it.o(i.SVC_Handler)
    SlidersRead                              0x080017d9   Thumb Code    24  spi_stack.o(i.SlidersRead)
    SysTick_Handler                          0x080017f5   Thumb Code     4  stm32f7xx_it.o(i.SysTick_Handler)
    SystemClock_Config                       0x080017f9   Thumb Code   154  main.o(i.SystemClock_Config)
    SystemInit                               0x0800189d   Thumb Code    68  system_stm32f7xx.o(i.SystemInit)
    UART_AdvFeatureConfig                    0x080018f1   Thumb Code   200  stm32f7xx_hal_uart.o(i.UART_AdvFeatureConfig)
    UART_CheckIdleState                      0x080019b9   Thumb Code    60  stm32f7xx_hal_uart.o(i.UART_CheckIdleState)
    UART_SetConfig                           0x080019f5   Thumb Code   546  stm32f7xx_hal_uart.o(i.UART_SetConfig)
    UART_WaitOnFlagUntilTimeout              0x08001c49   Thumb Code    96  stm32f7xx_hal_uart.o(i.UART_WaitOnFlagUntilTimeout)
    UsageFault_Handler                       0x08001ca9   Thumb Code     2  stm32f7xx_it.o(i.UsageFault_Handler)
    __scatterload_copy                       0x08001ccd   Thumb Code    14  handlers.o(i.__scatterload_copy)
    __scatterload_null                       0x08001cdb   Thumb Code     2  handlers.o(i.__scatterload_null)
    __scatterload_zeroinit                   0x08001cdd   Thumb Code    14  handlers.o(i.__scatterload_zeroinit)
    main                                     0x08001ced   Thumb Code   194  main.o(i.main)
    readKeys                                 0x08001dc1   Thumb Code    22  spi_stack.o(i.readKeys)
    regRead                                  0x08001ddd   Thumb Code    12  spi_stack.o(i.regRead)
    regWrite                                 0x08001ded   Thumb Code     8  spi_stack.o(i.regWrite)
    spi_dma_rx_complete_rutine               0x08001df9   Thumb Code    12  spi_stack.o(i.spi_dma_rx_complete_rutine)
    spi_stack_CS_Mng                         0x08001e09   Thumb Code   168  spi_stack.o(i.spi_stack_CS_Mng)
    spi_stack_init                           0x08001ec9   Thumb Code   126  spi_stack.o(i.spi_stack_init)
    AHBPrescTable                            0x08001f8c   Data          16  system_stm32f7xx.o(.constdata)
    APBPrescTable                            0x08001f9c   Data           8  system_stm32f7xx.o(.constdata)
    Region$$Table$$Base                      0x08001fa4   Number         0  anon$$obj.o(Region$$Table)
    Region$$Table$$Limit                     0x08001fc4   Number         0  anon$$obj.o(Region$$Table)
    KEYs                                     0x20000000   Data           4  spi_stack.o(.data)
    Sliders                                  0x20000004   Data           4  spi_stack.o(.data)
    keys                                     0x20000008   Data           4  main.o(.data)
    uwTickFreq                               0x2000000c   Data           1  stm32f7xx_hal.o(.data)
    uwTickPrio                               0x20000010   Data           4  stm32f7xx_hal.o(.data)
    uwTick                                   0x20000014   Data           4  stm32f7xx_hal.o(.data)
    SystemCoreClock                          0x20000018   Data           4  system_stm32f7xx.o(.data)
    spi_rxBuff                               0x2000001c   Data         128  spi_stack.o(.bss)
    spi_txBuff                               0x2000009c   Data         128  spi_stack.o(.bss)
    rxBuff                                   0x2000011c   Data         128  spi_stack.o(.bss)
    txBuff                                   0x2000019c   Data         128  spi_stack.o(.bss)
    IMP                                      0x2000021c   Data          28  spi_stack.o(.bss)
    IMU                                      0x20000238   Data          36  spi_stack.o(.bss)
    RPUs                                     0x2000025c   Data          32  spi_stack.o(.bss)
    hspi1                                    0x2000027c   Data         100  main.o(.bss)
    huart3                                   0x200002e0   Data         128  main.o(.bss)
    pos                                      0x20000360   Data          12  main.o(.bss)
    q                                        0x2000036c   Data          16  main.o(.bss)
    hdma_spi1_rx                             0x2000037c   Data          96  main.o(.bss)
    hdma_spi1_tx                             0x200003dc   Data          96  main.o(.bss)
    __initial_sp                             0x20000840   Data           0  startup_stm32f746xx.o(STACK)



==============================================================================

Memory Map of the image

  Image Entry point : 0x080001c9

  Load Region LR_IROM1 (Base: 0x08000000, Size: 0x00001fe0, Max: 0x00100000, ABSOLUTE)

    Execution Region ER_IROM1 (Base: 0x08000000, Size: 0x00001fc4, Max: 0x00100000, ABSOLUTE)

    Base Addr    Size         Type   Attr      Idx    E Section Name        Object

    0x08000000   0x000001c8   Data   RO            3    RESET               startup_stm32f746xx.o
    0x080001c8   0x00000000   Code   RO         2855  * .ARM.Collect$$$$00000000  mc_w.l(entry.o)
    0x080001c8   0x00000004   Code   RO         2866    .ARM.Collect$$$$00000001  mc_w.l(entry2.o)
    0x080001cc   0x00000004   Code   RO         2869    .ARM.Collect$$$$00000004  mc_w.l(entry5.o)
    0x080001d0   0x00000000   Code   RO         2871    .ARM.Collect$$$$00000008  mc_w.l(entry7b.o)
    0x080001d0   0x00000000   Code   RO         2873    .ARM.Collect$$$$0000000A  mc_w.l(entry8b.o)
    0x080001d0   0x00000008   Code   RO         2874    .ARM.Collect$$$$0000000B  mc_w.l(entry9a.o)
    0x080001d8   0x00000000   Code   RO         2876    .ARM.Collect$$$$0000000D  mc_w.l(entry10a.o)
    0x080001d8   0x00000000   Code   RO         2878    .ARM.Collect$$$$0000000F  mc_w.l(entry11a.o)
    0x080001d8   0x00000004   Code   RO         2867    .ARM.Collect$$$$00002712  mc_w.l(entry2.o)
    0x080001dc   0x00000024   Code   RO            4    .text               startup_stm32f746xx.o
    0x08000200   0x00000062   Code   RO         2858    .text               mc_w.l(uldiv.o)
    0x08000262   0x00000024   Code   RO         2860    .text               mc_w.l(memcpya.o)
    0x08000286   0x00000024   Code   RO         2862    .text               mc_w.l(memseta.o)
    0x080002aa   0x0000001e   Code   RO         2880    .text               mc_w.l(llshl.o)
    0x080002c8   0x00000020   Code   RO         2882    .text               mc_w.l(llushr.o)
    0x080002e8   0x00000024   Code   RO         2884    .text               mc_w.l(init.o)
    0x0800030c   0x00000002   Code   RO          269    i.BusFault_Handler  stm32f7xx_it.o
    0x0800030e   0x00000004   Code   RO          270    i.DMA2_Stream0_IRQHandler  stm32f7xx_it.o
    0x08000312   0x00000002   Code   RO          271    i.DMA2_Stream3_IRQHandler  stm32f7xx_it.o
    0x08000314   0x00000028   Code   RO         1700    i.DMA_CalcBaseAndBitshift  stm32f7xx_hal_dma.o
    0x0800033c   0x00000054   Code   RO         1701    i.DMA_CheckFifoParam  stm32f7xx_hal_dma.o
    0x08000390   0x00000002   Code   RO          272    i.DebugMon_Handler  stm32f7xx_it.o
    0x08000392   0x00000010   Code   RO          273    i.EXTI4_IRQHandler  stm32f7xx_it.o
    0x080003a2   0x00000002   Code   RO          204    i.Error_Handler     main.o
    0x080003a4   0x000000e4   Code   RO         1709    i.HAL_DMA_Init      stm32f7xx_hal_dma.o
    0x08000488   0x00000024   Code   RO         2070    i.HAL_Delay         stm32f7xx_hal.o
    0x080004ac   0x00000002   Code   RO         1635    i.HAL_GPIO_EXTI_Callback  stm32f7xx_hal_gpio.o
    0x080004ae   0x00000002   PAD
    0x080004b0   0x00000018   Code   RO         1636    i.HAL_GPIO_EXTI_IRQHandler  stm32f7xx_hal_gpio.o
    0x080004c8   0x000001d8   Code   RO         1637    i.HAL_GPIO_Init     stm32f7xx_hal_gpio.o
    0x080006a0   0x0000000a   Code   RO         1639    i.HAL_GPIO_ReadPin  stm32f7xx_hal_gpio.o
    0x080006aa   0x0000000a   Code   RO         1641    i.HAL_GPIO_WritePin  stm32f7xx_hal_gpio.o
    0x080006b4   0x0000000c   Code   RO         2078    i.HAL_GetTick       stm32f7xx_hal.o
    0x080006c0   0x00000010   Code   RO         2084    i.HAL_IncTick       stm32f7xx_hal.o
    0x080006d0   0x00000016   Code   RO         2085    i.HAL_Init          stm32f7xx_hal.o
    0x080006e6   0x00000002   PAD
    0x080006e8   0x00000040   Code   RO         2086    i.HAL_InitTick      stm32f7xx_hal.o
    0x08000728   0x00000030   Code   RO          363    i.HAL_MspInit       stm32f7xx_hal_msp.o
    0x08000758   0x0000001a   Code   RO          417    i.HAL_NVIC_EnableIRQ  stm32f7xx_hal_cortex.o
    0x08000772   0x00000002   PAD
    0x08000774   0x00000040   Code   RO          423    i.HAL_NVIC_SetPriority  stm32f7xx_hal_cortex.o
    0x080007b4   0x00000024   Code   RO          424    i.HAL_NVIC_SetPriorityGrouping  stm32f7xx_hal_cortex.o
    0x080007d8   0x0000006c   Code   RO         1977    i.HAL_PWREx_EnableOverDrive  stm32f7xx_hal_pwr_ex.o
    0x08000844   0x00000010   Code   RO         1854    i.HAL_PWR_EnableBkUpAccess  stm32f7xx_hal_pwr.o
    0x08000854   0x000004fc   Code   RO         1398    i.HAL_RCCEx_PeriphCLKConfig  stm32f7xx_hal_rcc_ex.o
    0x08000d50   0x0000012c   Code   RO         1291    i.HAL_RCC_ClockConfig  stm32f7xx_hal_rcc.o
    0x08000e7c   0x00000020   Code   RO         1298    i.HAL_RCC_GetPCLK1Freq  stm32f7xx_hal_rcc.o
    0x08000e9c   0x00000020   Code   RO         1299    i.HAL_RCC_GetPCLK2Freq  stm32f7xx_hal_rcc.o
    0x08000ebc   0x00000060   Code   RO         1300    i.HAL_RCC_GetSysClockFreq  stm32f7xx_hal_rcc.o
    0x08000f1c   0x00000338   Code   RO         1303    i.HAL_RCC_OscConfig  stm32f7xx_hal_rcc.o
    0x08001254   0x000000c4   Code   RO          558    i.HAL_SPI_Init      stm32f7xx_hal_spi.o
    0x08001318   0x00000104   Code   RO          365    i.HAL_SPI_MspInit   stm32f7xx_hal_msp.o
    0x0800141c   0x00000026   Code   RO          428    i.HAL_SYSTICK_Config  stm32f7xx_hal_cortex.o
    0x08001442   0x00000066   Code   RO          960    i.HAL_UART_Init     stm32f7xx_hal_uart.o
    0x080014a8   0x00000064   Code   RO          367    i.HAL_UART_MspInit  stm32f7xx_hal_msp.o
    0x0800150c   0x00000002   Code   RO          274    i.HardFault_Handler  stm32f7xx_it.o
    0x0800150e   0x00000002   PAD
    0x08001510   0x00000048   Code   RO           13    i.IMP_Write         spi_stack.o
    0x08001558   0x00000038   Code   RO           14    i.IMU_Write         spi_stack.o
    0x08001590   0x000001a4   Code   RO          205    i.MX_GPIO_Init      main.o
    0x08001734   0x00000038   Code   RO          206    i.MX_SPI1_Init      main.o
    0x0800176c   0x00000030   Code   RO          207    i.MX_USART3_UART_Init  main.o
    0x0800179c   0x00000002   Code   RO          275    i.MemManage_Handler  stm32f7xx_it.o
    0x0800179e   0x00000002   Code   RO          276    i.NMI_Handler       stm32f7xx_it.o
    0x080017a0   0x00000002   Code   RO          277    i.PendSV_Handler    stm32f7xx_it.o
    0x080017a2   0x00000002   PAD
    0x080017a4   0x00000030   Code   RO           15    i.RPUs_Write        spi_stack.o
    0x080017d4   0x00000002   Code   RO          278    i.SVC_Handler       stm32f7xx_it.o
    0x080017d6   0x00000002   PAD
    0x080017d8   0x0000001c   Code   RO           16    i.SlidersRead       spi_stack.o
    0x080017f4   0x00000004   Code   RO          279    i.SysTick_Handler   stm32f7xx_it.o
    0x080017f8   0x000000a4   Code   RO          208    i.SystemClock_Config  main.o
    0x0800189c   0x00000054   Code   RO         2821    i.SystemInit        system_stm32f7xx.o
    0x080018f0   0x000000c8   Code   RO          973    i.UART_AdvFeatureConfig  stm32f7xx_hal_uart.o
    0x080019b8   0x0000003c   Code   RO          974    i.UART_CheckIdleState  stm32f7xx_hal_uart.o
    0x080019f4   0x00000254   Code   RO          989    i.UART_SetConfig    stm32f7xx_hal_uart.o
    0x08001c48   0x00000060   Code   RO          992    i.UART_WaitOnFlagUntilTimeout  stm32f7xx_hal_uart.o
    0x08001ca8   0x00000002   Code   RO          280    i.UsageFault_Handler  stm32f7xx_it.o
    0x08001caa   0x00000022   Code   RO          430    i.__NVIC_SetPriority  stm32f7xx_hal_cortex.o
    0x08001ccc   0x0000000e   Code   RO         2888    i.__scatterload_copy  mc_w.l(handlers.o)
    0x08001cda   0x00000002   Code   RO         2889    i.__scatterload_null  mc_w.l(handlers.o)
    0x08001cdc   0x0000000e   Code   RO         2890    i.__scatterload_zeroinit  mc_w.l(handlers.o)
    0x08001cea   0x00000002   PAD
    0x08001cec   0x000000d4   Code   RO          209    i.main              main.o
    0x08001dc0   0x0000001c   Code   RO           17    i.readKeys          spi_stack.o
    0x08001ddc   0x00000010   Code   RO           18    i.regRead           spi_stack.o
    0x08001dec   0x0000000c   Code   RO           19    i.regWrite          spi_stack.o
    0x08001df8   0x00000010   Code   RO           20    i.spi_dma_rx_complete_rutine  spi_stack.o
    0x08001e08   0x000000c0   Code   RO           21    i.spi_stack_CS_Mng  spi_stack.o
    0x08001ec8   0x00000090   Code   RO           22    i.spi_stack_init    spi_stack.o
    0x08001f58   0x0000002c   Data   RO          213    .constdata          main.o
    0x08001f84   0x00000008   Data   RO         1715    .constdata          stm32f7xx_hal_dma.o
    0x08001f8c   0x00000010   Data   RO         2822    .constdata          system_stm32f7xx.o
    0x08001f9c   0x00000008   Data   RO         2823    .constdata          system_stm32f7xx.o
    0x08001fa4   0x00000020   Data   RO         2886    Region$$Table       anon$$obj.o


    Execution Region RW_IRAM1 (Base: 0x20000000, Size: 0x00000840, Max: 0x00050000, ABSOLUTE)

    Base Addr    Size         Type   Attr      Idx    E Section Name        Object

    0x20000000   0x00000008   Data   RW           30    .data               spi_stack.o
    0x20000008   0x00000004   Data   RW          214    .data               main.o
    0x2000000c   0x0000000c   Data   RW         2092    .data               stm32f7xx_hal.o
    0x20000018   0x00000004   Data   RW         2824    .data               system_stm32f7xx.o
    0x2000001c   0x00000260   Zero   RW           23    .bss                spi_stack.o
    0x2000027c   0x00000100   Zero   RW          210    .bss                main.o
    0x2000037c   0x00000060   Zero   RW          211    .bss                main.o
    0x200003dc   0x00000060   Zero   RW          212    .bss                main.o
    0x2000043c   0x00000004   PAD
    0x20000440   0x00000400   Zero   RW            1    STACK               startup_stm32f746xx.o


==============================================================================

Image component sizes


      Code (inc. data)   RO Data    RW Data    ZI Data      Debug   Object Name

       902         74         44          4        448       4784   main.o
       612         76          0          8        608     789056   spi_stack.o
        36          8        456          0       1024        872   startup_stm32f746xx.o
       150         24          0         12          0       9333   stm32f7xx_hal.o
       198         12          0          0          0      39231   stm32f7xx_hal_cortex.o
       352         12          8          0          0       3103   stm32f7xx_hal_dma.o
       518         60          0          0          0       4635   stm32f7xx_hal_gpio.o
       408         46          0          0          0       2643   stm32f7xx_hal_msp.o
        16          4          0          0          0        583   stm32f7xx_hal_pwr.o
       108          8          0          0          0       1344   stm32f7xx_hal_pwr_ex.o
      1284         64          0          0          0       5336   stm32f7xx_hal_rcc.o
      1276         16          0          0          0       2360   stm32f7xx_hal_rcc_ex.o
       196          0          0          0          0       1339   stm32f7xx_hal_spi.o
      1054         70          0          0          0       5237   stm32f7xx_hal_uart.o
        42          0          0          0          0       5993   stm32f7xx_it.o
        84         16         24          4          0       1335   system_stm32f7xx.o

    ----------------------------------------------------------------------
      7248        490        564         28       2084     877184   Object Totals
         0          0         32          0          0          0   (incl. Generated)
        12          0          0          0          4          0   (incl. Padding)

    ----------------------------------------------------------------------

      Code (inc. data)   RO Data    RW Data    ZI Data      Debug   Library Member Name

         0          0          0          0          0          0   entry.o
         0          0          0          0          0          0   entry10a.o
         0          0          0          0          0          0   entry11a.o
         8          4          0          0          0          0   entry2.o
         4          0          0          0          0          0   entry5.o
         0          0          0          0          0          0   entry7b.o
         0          0          0          0          0          0   entry8b.o
         8          4          0          0          0          0   entry9a.o
        30          0          0          0          0          0   handlers.o
        36          8          0          0          0         68   init.o
        30          0          0          0          0         68   llshl.o
        32          0          0          0          0         68   llushr.o
        36          0          0          0          0         68   memcpya.o
        36          0          0          0          0        108   memseta.o
        98          0          0          0          0         92   uldiv.o

    ----------------------------------------------------------------------
       320         16          0          0          0        472   Library Totals
         2          0          0          0          0          0   (incl. Padding)

    ----------------------------------------------------------------------

      Code (inc. data)   RO Data    RW Data    ZI Data      Debug   Library Name

       318         16          0          0          0        472   mc_w.l

    ----------------------------------------------------------------------
       320         16          0          0          0        472   Library Totals

    ----------------------------------------------------------------------

==============================================================================


      Code (inc. data)   RO Data    RW Data    ZI Data      Debug   

      7568        506        564         28       2084     872004   Grand Totals
      7568        506        564         28       2084     872004   ELF Image Totals
      7568        506        564         28          0          0   ROM Totals

==============================================================================

    Total RO  Size (Code + RO Data)                 8132 (   7.94kB)
    Total RW  Size (RW Data + ZI Data)              2112 (   2.06kB)
    Total ROM Size (Code + RO Data + RW Data)       8160 (   7.97kB)

==============================================================================

